Archive member included to satisfy reference by file (symbol)

e:/mounriver_studio/toolchain/risc-v embedded gcc/bin/../lib/gcc/riscv-none-embed/8.2.0/rv32imac/ilp32\libgcc.a(muldf3.o)
                              CMakeFiles/L103pro.elf.dir/User/main.c.obj (__muldf3)
e:/mounriver_studio/toolchain/risc-v embedded gcc/bin/../lib/gcc/riscv-none-embed/8.2.0/rv32imac/ilp32\libgcc.a(floatsidf.o)
                              CMakeFiles/L103pro.elf.dir/User/main.c.obj (__floatsidf)
e:/mounriver_studio/toolchain/risc-v embedded gcc/bin/../lib/gcc/riscv-none-embed/8.2.0/rv32imac/ilp32\libgcc.a(gesf2.o)
                              CMakeFiles/L103pro.elf.dir/User/main.c.obj (__gtsf2)
e:/mounriver_studio/toolchain/risc-v embedded gcc/bin/../lib/gcc/riscv-none-embed/8.2.0/rv32imac/ilp32\libgcc.a(mulsf3.o)
                              CMakeFiles/L103pro.elf.dir/User/main.c.obj (__mulsf3)
e:/mounriver_studio/toolchain/risc-v embedded gcc/bin/../lib/gcc/riscv-none-embed/8.2.0/rv32imac/ilp32\libgcc.a(extendsfdf2.o)
                              CMakeFiles/L103pro.elf.dir/User/main.c.obj (__extendsfdf2)
e:/mounriver_studio/toolchain/risc-v embedded gcc/bin/../lib/gcc/riscv-none-embed/8.2.0/rv32imac/ilp32\libgcc.a(truncdfsf2.o)
                              CMakeFiles/L103pro.elf.dir/User/main.c.obj (__truncdfsf2)
e:/mounriver_studio/toolchain/risc-v embedded gcc/bin/../lib/gcc/riscv-none-embed/8.2.0/rv32imac/ilp32\libgcc.a(save-restore.o)
                              CMakeFiles/L103pro.elf.dir/Peripheral/src/ch32l103_flash.c.obj (__riscv_save_6)
e:/mounriver_studio/toolchain/risc-v embedded gcc/bin/../lib/gcc/riscv-none-embed/8.2.0/rv32imac/ilp32\libgcc.a(_clzsi2.o)
                              e:/mounriver_studio/toolchain/risc-v embedded gcc/bin/../lib/gcc/riscv-none-embed/8.2.0/rv32imac/ilp32\libgcc.a(muldf3.o) (__clzsi2)
e:/mounriver_studio/toolchain/risc-v embedded gcc/bin/../lib/gcc/riscv-none-embed/8.2.0/rv32imac/ilp32\libgcc.a(_clz.o)
                              e:/mounriver_studio/toolchain/risc-v embedded gcc/bin/../lib/gcc/riscv-none-embed/8.2.0/rv32imac/ilp32\libgcc.a(_clzsi2.o) (__clz_tab)
e:/mounriver_studio/toolchain/risc-v embedded gcc/bin/../lib/gcc/riscv-none-embed/8.2.0/../../../../riscv-none-embed/lib/rv32imac/ilp32\libg_nano.a(lib_a-nano-vfprintf_float.o)
                              (_printf_float)
e:/mounriver_studio/toolchain/risc-v embedded gcc/bin/../lib/gcc/riscv-none-embed/8.2.0/../../../../riscv-none-embed/lib/rv32imac/ilp32\libg_nano.a(lib_a-nano-vfprintf_i.o)
                              e:/mounriver_studio/toolchain/risc-v embedded gcc/bin/../lib/gcc/riscv-none-embed/8.2.0/../../../../riscv-none-embed/lib/rv32imac/ilp32\libg_nano.a(lib_a-nano-vfprintf_float.o) (_printf_common)
e:/mounriver_studio/toolchain/risc-v embedded gcc/bin/../lib/gcc/riscv-none-embed/8.2.0/../../../../riscv-none-embed/lib/rv32imac/ilp32\libg_nano.a(lib_a-nano-vfscanf_float.o)
                              (_scanf_float)
e:/mounriver_studio/toolchain/risc-v embedded gcc/bin/../lib/gcc/riscv-none-embed/8.2.0/../../../../riscv-none-embed/lib/rv32imac/ilp32\libg_nano.a(lib_a-printf.o)
                              CMakeFiles/L103pro.elf.dir/User/main.c.obj (printf)
e:/mounriver_studio/toolchain/risc-v embedded gcc/bin/../lib/gcc/riscv-none-embed/8.2.0/../../../../riscv-none-embed/lib/rv32imac/ilp32\libg_nano.a(lib_a-puts.o)
                              CMakeFiles/L103pro.elf.dir/User/ina226.c.obj (puts)
e:/mounriver_studio/toolchain/risc-v embedded gcc/bin/../lib/gcc/riscv-none-embed/8.2.0/../../../../riscv-none-embed/lib/rv32imac/ilp32\libg_nano.a(lib_a-sf_nan.o)
                              e:/mounriver_studio/toolchain/risc-v embedded gcc/bin/../lib/gcc/riscv-none-embed/8.2.0/../../../../riscv-none-embed/lib/rv32imac/ilp32\libg_nano.a(lib_a-nano-vfscanf_float.o) (nanf)
e:/mounriver_studio/toolchain/risc-v embedded gcc/bin/../lib/gcc/riscv-none-embed/8.2.0/../../../../riscv-none-embed/lib/rv32imac/ilp32\libg_nano.a(lib_a-sprintf.o)
                              CMakeFiles/L103pro.elf.dir/User/TJCScreen.c.obj (sprintf)
e:/mounriver_studio/toolchain/risc-v embedded gcc/bin/../lib/gcc/riscv-none-embed/8.2.0/../../../../riscv-none-embed/lib/rv32imac/ilp32\libg_nano.a(lib_a-strlen.o)
                              CMakeFiles/L103pro.elf.dir/User/TJCScreen.c.obj (strlen)
e:/mounriver_studio/toolchain/risc-v embedded gcc/bin/../lib/gcc/riscv-none-embed/8.2.0/../../../../riscv-none-embed/lib/rv32imac/ilp32\libg_nano.a(lib_a-strtod.o)
                              e:/mounriver_studio/toolchain/risc-v embedded gcc/bin/../lib/gcc/riscv-none-embed/8.2.0/../../../../riscv-none-embed/lib/rv32imac/ilp32\libg_nano.a(lib_a-nano-vfscanf_float.o) (_strtod_r)
e:/mounriver_studio/toolchain/risc-v embedded gcc/bin/../lib/gcc/riscv-none-embed/8.2.0/../../../../riscv-none-embed/lib/rv32imac/ilp32\libg_nano.a(lib_a-strtol.o)
[...]
Memory Configuration

Name             Origin             Length             Attributes
FLASH            0x0000000000000000 0x0000000000010000 xr
RAM              0x0000000020000000 0x0000000000005000 xrw
*default*        0x0000000000000000 0xffffffffffffffff

Linker script and memory map

LOAD CMakeFiles/L103pro.elf.dir/Core/core_riscv.c.obj
LOAD CMakeFiles/L103pro.elf.dir/Debug/debug.c.obj
LOAD CMakeFiles/L103pro.elf.dir/Peripheral/src/ch32l103_adc.c.obj
LOAD CMakeFiles/L103pro.elf.dir/Peripheral/src/ch32l103_bkp.c.obj
LOAD CMakeFiles/L103pro.elf.dir/Peripheral/src/ch32l103_can.c.obj
LOAD CMakeFiles/L103pro.elf.dir/Peripheral/src/ch32l103_crc.c.obj
LOAD CMakeFiles/L103pro.elf.dir/Peripheral/src/ch32l103_dbgmcu.c.obj
LOAD CMakeFiles/L103pro.elf.dir/Peripheral/src/ch32l103_dma.c.obj
LOAD CMakeFiles/L103pro.elf.dir/Peripheral/src/ch32l103_exti.c.obj
LOAD CMakeFiles/L103pro.elf.dir/Peripheral/src/ch32l103_flash.c.obj
LOAD CMakeFiles/L103pro.elf.dir/Peripheral/src/ch32l103_gpio.c.obj
LOAD CMakeFiles/L103pro.elf.dir/Peripheral/src/ch32l103_i2c.c.obj
LOAD CMakeFiles/L103pro.elf.dir/Peripheral/src/ch32l103_iwdg.c.obj
LOAD CMakeFiles/L103pro.elf.dir/Peripheral/src/ch32l103_lptim.c.obj
LOAD CMakeFiles/L103pro.elf.dir/Peripheral/src/ch32l103_misc.c.obj
LOAD CMakeFiles/L103pro.elf.dir/Peripheral/src/ch32l103_opa.c.obj
LOAD CMakeFiles/L103pro.elf.dir/Peripheral/src/ch32l103_pwr.c.obj
LOAD CMakeFiles/L103pro.elf.dir/Peripheral/src/ch32l103_rcc.c.obj
LOAD CMakeFiles/L103pro.elf.dir/Peripheral/src/ch32l103_rtc.c.obj
LOAD CMakeFiles/L103pro.elf.dir/Peripheral/src/ch32l103_spi.c.obj
LOAD CMakeFiles/L103pro.elf.dir/Peripheral/src/ch32l103_tim.c.obj
LOAD CMakeFiles/L103pro.elf.dir/Peripheral/src/ch32l103_usart.c.obj
LOAD CMakeFiles/L103pro.elf.dir/Peripheral/src/ch32l103_wwdg.c.obj
LOAD CMakeFiles/L103pro.elf.dir/Startup/startup_ch32l103.S.obj
LOAD CMakeFiles/L103pro.elf.dir/User/TJCScreen.c.obj
LOAD CMakeFiles/L103pro.elf.dir/User/ch32l103_it.c.obj
LOAD CMakeFiles/L103pro.elf.dir/User/ina226.c.obj
LOAD CMakeFiles/L103pro.elf.dir/User/main.c.obj
LOAD CMakeFiles/L103pro.elf.dir/User/system_ch32l103.c.obj
LOAD CMakeFiles/L103pro.elf.dir/User/uart.c.obj
LOAD e:/mounriver_studio/toolchain/risc-v embedded gcc/bin/../lib/gcc/riscv-none-embed/8.2.0/rv32imac/ilp32\libgcc.a
LOAD e:/mounriver_studio/toolchain/risc-v embedded gcc/bin/../lib/gcc/riscv-none-embed/8.2.0/../../../../riscv-none-embed/lib/rv32imac/ilp32\libg_nano.a
LOAD e:/mounriver_studio/toolchain/risc-v embedded gcc/bin/../lib/gcc/riscv-none-embed/8.2.0/../../../../riscv-none-embed/lib/rv32imac/ilp32\libc_nano.a
LOAD e:/mounriver_studio/toolchain/risc-v embedded gcc/bin/../lib/gcc/riscv-none-embed/8.2.0/rv32imac/ilp32\libgcc.a
START GROUP
LOAD e:/mounriver_studio/toolchain/risc-v embedded gcc/bin/../lib/gcc/riscv-none-embed/8.2.0/rv32imac/ilp32\libgcc.a
LOAD e:/mounriver_studio/toolchain/risc-v embedded gcc/bin/../lib/gcc/riscv-none-embed/8.2.0/../../../../riscv-none-embed/lib/rv32imac/ilp32\libc_nano.a
LOAD e:/mounriver_studio/toolchain/risc-v embedded gcc/bin/../lib/gcc/riscv-none-embed/8.2.0/../../../../riscv-none-embed/lib/rv32imac/ilp32\libnosys.a
END GROUP
START GROUP
LOAD e:/mounriver_studio/toolchain/risc-v embedded gcc/bin/../lib/gcc/riscv-none-embed/8.2.0/rv32imac/ilp32\libgcc.a
LOAD e:/mounriver_studio/toolchain/risc-v embedded gcc/bin/../lib/gcc/riscv-none-embed/8.2.0/../../../../riscv-none-embed/lib/rv32imac/ilp32\libc_nano.a
LOAD e:/mounriver_studio/toolchain/risc-v embedded gcc/bin/../lib/gcc/riscv-none-embed/8.2.0/../../../../riscv-none-embed/lib/rv32imac/ilp32\libnosys.a
END GROUP
                0x0000000000000800                __stack_size = 0x800
                [!provide]                        PROVIDE (_stack_size = __stack_size)

.init           0x0000000000000000        0x4
                0x0000000000000000                _sinit = .
                0x0000000000000000                . = ALIGN (0x4)
 *(SORT_NONE(.init))
 .init          0x0000000000000000        0x4 CMakeFiles/L103pro.elf.dir/Startup/startup_ch32l103.S.obj
                0x0000000000000000                _start
                0x0000000000000004                . = ALIGN (0x4)
                0x0000000000000004                _einit = .

.vector         0x0000000000000004      0x13c
 *(.vector)
 .vector        0x0000000000000004      0x114 CMakeFiles/L103pro.elf.dir/Startup/startup_ch32l103.S.obj
                0x0000000000000140                . = ALIGN (0x40)
 *fill*         0x0000000000000118       0x28 

.text           0x0000000000000140     0x9d94
                0x0000000000000140                . = ALIGN (0x4)
 *(.text)
 .text          0x0000000000000140       0x60 e:/mounriver_studio/toolchain/risc-v embedded gcc/bin/../lib/gcc/riscv-none-embed/8.2.0/rv32imac/ilp32\libgcc.a(save-restore.o)
                0x0000000000000140                __riscv_save_12
                0x0000000000000148                __riscv_save_9
                0x0000000000000148                __riscv_save_11
                0x0000000000000148                __riscv_save_10
                0x0000000000000148                __riscv_save_8
                0x0000000000000156                __riscv_save_4
                0x0000000000000156                __riscv_save_6
                0x0000000000000156                __riscv_save_5
                0x0000000000000156                __riscv_save_7
                0x0000000000000170                __riscv_save_3
                0x0000000000000170                __riscv_save_2
                0x0000000000000170                __riscv_save_1
                0x0000000000000170                __riscv_save_0
                0x000000000000017c                __riscv_restore_12
                0x0000000000000180                __riscv_restore_11
                0x0000000000000180                __riscv_restore_9
                0x0000000000000180                __riscv_restore_10
                0x0000000000000180                __riscv_restore_8
                0x000000000000018a                __riscv_restore_5
                0x000000000000018a                __riscv_restore_7
                0x000000000000018a                __riscv_restore_6
                0x000000000000018a                __riscv_restore_4
                0x0000000000000194                __riscv_restore_3
                0x0000000000000194                __riscv_restore_0
                0x0000000000000194                __riscv_restore_2
                0x0000000000000194                __riscv_restore_1
 .text          0x00000000000001a0       0xa8 e:/mounriver_studio/toolchain/risc-v embedded gcc/bin/../lib/gcc/riscv-none-embed/8.2.0/../../../../riscv-none-embed/lib/rv32imac/ilp32\libg_nano.a(lib_a-memset.o)
                0x00000000000001a0                memset
 *(.text.*)
 .text.Delay_Init
                0x0000000000000248       0x1c CMakeFiles/L103pro.elf.dir/Debug/debug.c.obj
                0x0000000000000248                Delay_Init
 .text.Delay_Us
                0x0000000000000264       0x46 CMakeFiles/L103pro.elf.dir/Debug/debug.c.obj
                0x0000000000000264                Delay_Us
 .text.Delay_Ms
                0x00000000000002aa       0x3e CMakeFiles/L103pro.elf.dir/Debug/debug.c.obj
                0x00000000000002aa                Delay_Ms
 .text.USART_Printf_Init
                0x00000000000002e8       0x5e CMakeFiles/L103pro.elf.dir/Debug/debug.c.obj
                0x00000000000002e8                USART_Printf_Init
 .text._write   0x0000000000000346       0x44 CMakeFiles/L103pro.elf.dir/Debug/debug.c.obj
                0x0000000000000346                _write
 .text._sbrk    0x000000000000038a       0x32 CMakeFiles/L103pro.elf.dir/Debug/debug.c.obj
                0x000000000000038a                _sbrk
 .text.DBGMCU_GetCHIPID
                0x00000000000003bc        0x6 CMakeFiles/L103pro.elf.dir/Peripheral/src/ch32l103_dbgmcu.c.obj
                0x00000000000003bc                DBGMCU_GetCHIPID
 .text.GPIO_Init
                0x00000000000003c2       0xd0 CMakeFiles/L103pro.elf.dir/Peripheral/src/ch32l103_gpio.c.obj
                0x00000000000003c2                GPIO_Init
 .text.GPIO_WriteBit
                0x0000000000000492        0xa CMakeFiles/L103pro.elf.dir/Peripheral/src/ch32l103_gpio.c.obj
                0x0000000000000492                GPIO_WriteBit
 .text.GPIO_PinRemapConfig
                0x000000000000049c      0x14e CMakeFiles/L103pro.elf.dir/Peripheral/src/ch32l103_gpio.c.obj
                0x000000000000049c                GPIO_PinRemapConfig
 .text.GPIO_IPD_Unused
                0x00000000000005ea      0x1f0 CMakeFiles/L103pro.elf.dir/Peripheral/src/ch32l103_gpio.c.obj
                0x00000000000005ea                GPIO_IPD_Unused
 .text.I2C_Init
                0x00000000000007da      0x108 CMakeFiles/L103pro.elf.dir/Peripheral/src/ch32l103_i2c.c.obj
                0x00000000000007da                I2C_Init
 .text.I2C_Cmd  0x00000000000008e2       0x1c CMakeFiles/L103pro.elf.dir/Peripheral/src/ch32l103_i2c.c.obj
                0x00000000000008e2                I2C_Cmd
 .text.I2C_GenerateSTART
                0x00000000000008fe       0x1e CMakeFiles/L103pro.elf.dir/Peripheral/src/ch32l103_i2c.c.obj
                0x00000000000008fe                I2C_GenerateSTART
 .text.I2C_GenerateSTOP
                0x000000000000091c       0x1e CMakeFiles/L103pro.elf.dir/Peripheral/src/ch32l103_i2c.c.obj
                0x000000000000091c                I2C_GenerateSTOP
 .text.I2C_AcknowledgeConfig
                0x000000000000093a       0x1e CMakeFiles/L103pro.elf.dir/Peripheral/src/ch32l103_i2c.c.obj
                0x000000000000093a                I2C_AcknowledgeConfig
 .text.I2C_SendData
                0x0000000000000958        0x4 CMakeFiles/L103pro.elf.dir/Peripheral/src/ch32l103_i2c.c.obj
                0x0000000000000958                I2C_SendData
 .text.I2C_ReceiveData
                0x000000000000095c        0x8 CMakeFiles/L103pro.elf.dir/Peripheral/src/ch32l103_i2c.c.obj
                0x000000000000095c                I2C_ReceiveData
 .text.I2C_Send7bitAddress
                0x0000000000000964       0x14 CMakeFiles/L103pro.elf.dir/Peripheral/src/ch32l103_i2c.c.obj
                0x0000000000000964                I2C_Send7bitAddress
 .text.I2C_CheckEvent
                0x0000000000000978       0x1e CMakeFiles/L103pro.elf.dir/Peripheral/src/ch32l103_i2c.c.obj
                0x0000000000000978                I2C_CheckEvent
 .text.I2C_GetFlagStatus
                0x0000000000000996       0x3c CMakeFiles/L103pro.elf.dir/Peripheral/src/ch32l103_i2c.c.obj
                0x0000000000000996                I2C_GetFlagStatus
 .text.NVIC_PriorityGroupConfig
                0x00000000000009d2        0x6 CMakeFiles/L103pro.elf.dir/Peripheral/src/ch32l103_misc.c.obj
                0x00000000000009d2                NVIC_PriorityGroupConfig
 .text.NVIC_Init
                0x00000000000009d8       0x80 CMakeFiles/L103pro.elf.dir/Peripheral/src/ch32l103_misc.c.obj
                0x00000000000009d8                NVIC_Init
 .text.RCC_GetClocksFreq
                0x0000000000000a58      0x12e CMakeFiles/L103pro.elf.dir/Peripheral/src/ch32l103_rcc.c.obj
                0x0000000000000a58                RCC_GetClocksFreq
 .text.RCC_PB2PeriphClockCmd
                0x0000000000000b86       0x1e CMakeFiles/L103pro.elf.dir/Peripheral/src/ch32l103_rcc.c.obj
                0x0000000000000b86                RCC_PB2PeriphClockCmd
 .text.RCC_PB1PeriphClockCmd
                0x0000000000000ba4       0x1e CMakeFiles/L103pro.elf.dir/Peripheral/src/ch32l103_rcc.c.obj
                0x0000000000000ba4                RCC_PB1PeriphClockCmd
 .text.USART_Init
                0x0000000000000bc2       0xe6 CMakeFiles/L103pro.elf.dir/Peripheral/src/ch32l103_usart.c.obj
                0x0000000000000bc2                USART_Init
 .text.USART_Cmd
                0x0000000000000ca8       0x18 CMakeFiles/L103pro.elf.dir/Peripheral/src/ch32l103_usart.c.obj
                0x0000000000000ca8                USART_Cmd
 .text.USART_ITConfig
                0x0000000000000cc0       0x36 CMakeFiles/L103pro.elf.dir/Peripheral/src/ch32l103_usart.c.obj
                0x0000000000000cc0                USART_ITConfig
 .text.USART_SendData
                0x0000000000000cf6        0x8 CMakeFiles/L103pro.elf.dir/Peripheral/src/ch32l103_usart.c.obj
                0x0000000000000cf6                USART_SendData
 .text.USART_ReceiveData
                0x0000000000000cfe        0x8 CMakeFiles/L103pro.elf.dir/Peripheral/src/ch32l103_usart.c.obj
                0x0000000000000cfe                USART_ReceiveData
 .text.USART_GetFlagStatus
                0x0000000000000d06        0xe CMakeFiles/L103pro.elf.dir/Peripheral/src/ch32l103_usart.c.obj
                0x0000000000000d06                USART_GetFlagStatus
 .text.USART_GetITStatus
                0x0000000000000d14       0x42 CMakeFiles/L103pro.elf.dir/Peripheral/src/ch32l103_usart.c.obj
                0x0000000000000d14                USART_GetITStatus
 .text.vector_handler
                0x0000000000000d56        0x2 CMakeFiles/L103pro.elf.dir/Startup/startup_ch32l103.S.obj
                0x0000000000000d56                EXTI2_IRQHandler
                0x0000000000000d56                TIM1_CC_IRQHandler
                0x0000000000000d56                USBPD_IRQHandler
                0x0000000000000d56                SysTick_Handler
                0x0000000000000d56                PVD_IRQHandler
                0x0000000000000d56                EXTI3_IRQHandler
                0x0000000000000d56                USBFS_IRQHandler
                0x0000000000000d56                EXTI0_IRQHandler
                0x0000000000000d56                I2C2_EV_IRQHandler
                0x0000000000000d56                LPTIM_IRQHandler
                0x0000000000000d56                Break_Point_Handler
                0x0000000000000d56                SPI1_IRQHandler
                0x0000000000000d56                TAMPER_IRQHandler
                0x0000000000000d56                Ecall_M_Mode_Handler
                0x0000000000000d56                DMA1_Channel4_IRQHandler
                0x0000000000000d56                USART3_IRQHandler
                0x0000000000000d56                RTC_IRQHandler
                0x0000000000000d56                DMA1_Channel7_IRQHandler
                0x0000000000000d56                CAN1_RX1_IRQHandler
                0x0000000000000d56                USBPDWakeUp_IRQHandler
                0x0000000000000d56                TIM4_IRQHandler
                0x0000000000000d56                I2C1_EV_IRQHandler
                0x0000000000000d56                USART4_IRQHandler
                0x0000000000000d56                DMA1_Channel6_IRQHandler
                0x0000000000000d56                TIM3_IRQHandler
                0x0000000000000d56                RCC_IRQHandler
                0x0000000000000d56                TIM1_TRG_COM_IRQHandler
                0x0000000000000d56                DMA1_Channel1_IRQHandler
                0x0000000000000d56                EXTI15_10_IRQHandler
                0x0000000000000d56                ADC_IRQHandler
                0x0000000000000d56                DMA1_Channel8_IRQHandler
                0x0000000000000d56                EXTI9_5_IRQHandler
                0x0000000000000d56                SPI2_IRQHandler
                0x0000000000000d56                DMA1_Channel5_IRQHandler
                0x0000000000000d56                EXTI4_IRQHandler
                0x0000000000000d56                USB_LP_CAN1_RX0_IRQHandler
                0x0000000000000d56                USB_HP_CAN1_TX_IRQHandler
                0x0000000000000d56                CMPWakeUp_IRQHandler
                0x0000000000000d56                DMA1_Channel3_IRQHandler
                0x0000000000000d56                TIM1_UP_IRQHandler
                0x0000000000000d56                LPTIMWakeUp_IRQHandler
                0x0000000000000d56                WWDG_IRQHandler
                0x0000000000000d56                Ecall_U_Mode_Handler
                0x0000000000000d56                TIM2_IRQHandler
                0x0000000000000d56                SW_Handler
                0x0000000000000d56                TIM1_BRK_IRQHandler
                0x0000000000000d56                OPA_IRQHandler
                0x0000000000000d56                EXTI1_IRQHandler
                0x0000000000000d56                RTCAlarm_IRQHandler
                0x0000000000000d56                I2C2_ER_IRQHandler
                0x0000000000000d56                DMA1_Channel2_IRQHandler
                0x0000000000000d56                CAN1_SCE_IRQHandler
                0x0000000000000d56                FLASH_IRQHandler
                0x0000000000000d56                USBFSWakeUp_IRQHandler
                0x0000000000000d56                USART1_IRQHandler
                0x0000000000000d56                I2C1_ER_IRQHandler
 .text.handle_reset
                0x0000000000000d58       0x86 CMakeFiles/L103pro.elf.dir/Startup/startup_ch32l103.S.obj
                0x0000000000000d58                handle_reset
 .text.TCJSendEnd
                0x0000000000000dde       0x1a CMakeFiles/L103pro.elf.dir/User/TJCScreen.c.obj
                0x0000000000000dde                TCJSendEnd
 .text.TJCScreenInit
                0x0000000000000df8        0xe CMakeFiles/L103pro.elf.dir/User/TJCScreen.c.obj
                0x0000000000000df8                TJCScreenInit
 .text.TCJSendTxt
                0x0000000000000e06       0x34 CMakeFiles/L103pro.elf.dir/User/TJCScreen.c.obj
                0x0000000000000e06                TCJSendTxt
 .text.NMI_Handler
                0x0000000000000e3a        0x2 CMakeFiles/L103pro.elf.dir/User/ch32l103_it.c.obj
                0x0000000000000e3a                NMI_Handler
 .text.HardFault_Handler
                0x0000000000000e3c        0x2 CMakeFiles/L103pro.elf.dir/User/ch32l103_it.c.obj
                0x0000000000000e3c                HardFault_Handler
 .text.INA226_Read2Byte_I2C2
                0x0000000000000e3e      0x198 CMakeFiles/L103pro.elf.dir/User/ina226.c.obj
                0x0000000000000e3e                INA226_Read2Byte_I2C2
 .text.INA226_Read2Byte_I2C1
                0x0000000000000fd6      0x1d4 CMakeFiles/L103pro.elf.dir/User/ina226.c.obj
                0x0000000000000fd6                INA226_Read2Byte_I2C1
 .text.INA226_Write2Byte_I2C2
                0x00000000000011aa      0x1ba CMakeFiles/L103pro.elf.dir/User/ina226.c.obj
                0x00000000000011aa                INA226_Write2Byte_I2C2
 .text.INA226_Write2Byte_I2C1
                0x0000000000001364      0x196 CMakeFiles/L103pro.elf.dir/User/ina226.c.obj
                0x0000000000001364                INA226_Write2Byte_I2C1
 .text.IIC_Init
                0x00000000000014fa       0xc8 CMakeFiles/L103pro.elf.dir/User/ina226.c.obj
                0x00000000000014fa                IIC_Init
 .text.INA226_Init
                0x00000000000015c2      0x14e CMakeFiles/L103pro.elf.dir/User/ina226.c.obj
                0x00000000000015c2                INA226_Init
 .text.main     0x0000000000001710      0x8d8 CMakeFiles/L103pro.elf.dir/User/main.c.obj
                0x0000000000001710                main
 .text.USART2_IRQHandler
                0x0000000000001fe8       0x4a CMakeFiles/L103pro.elf.dir/User/main.c.obj
                0x0000000000001fe8                USART2_IRQHandler
 .text.SetSysClockTo96_HSI
                0x0000000000002032       0x7c CMakeFiles/L103pro.elf.dir/User/system_ch32l103.c.obj
 .text.SetSysClock
                0x00000000000020ae        0xe CMakeFiles/L103pro.elf.dir/User/system_ch32l103.c.obj
 .text.SystemInit
                0x00000000000020bc       0x4a CMakeFiles/L103pro.elf.dir/User/system_ch32l103.c.obj
                0x00000000000020bc                SystemInit
 .text.SystemCoreClockUpdate
                0x0000000000002106       0xfc CMakeFiles/L103pro.elf.dir/User/system_ch32l103.c.obj
                0x0000000000002106                SystemCoreClockUpdate
 .text.USART_Send
                0x0000000000002202       0x32 CMakeFiles/L103pro.elf.dir/User/uart.c.obj
                0x0000000000002202                USART_Send
 .text.USARTx_CFG
                0x0000000000002234       0xb8 CMakeFiles/L103pro.elf.dir/User/uart.c.obj
                0x0000000000002234                USARTx_CFG
 .text.__muldf3
                0x00000000000022ec      0x4b4 e:/mounriver_studio/toolchain/risc-v embedded gcc/bin/../lib/gcc/riscv-none-embed/8.2.0/rv32imac/ilp32\libgcc.a(muldf3.o)
                0x00000000000022ec                __muldf3
 .text.__floatsidf
                0x00000000000027a0       0x70 e:/mounriver_studio/toolchain/risc-v embedded gcc/bin/../lib/gcc/riscv-none-embed/8.2.0/rv32imac/ilp32\libgcc.a(floatsidf.o)
                0x00000000000027a0                __floatsidf
 .text.__gesf2  0x0000000000002810       0x86 e:/mounriver_studio/toolchain/risc-v embedded gcc/bin/../lib/gcc/riscv-none-embed/8.2.0/rv32imac/ilp32\libgcc.a(gesf2.o)
                0x0000000000002810                __gesf2
                0x0000000000002810                __gtsf2
 .text.__mulsf3
                0x0000000000002896      0x290 e:/mounriver_studio/toolchain/risc-v embedded gcc/bin/../lib/gcc/riscv-none-embed/8.2.0/rv32imac/ilp32\libgcc.a(mulsf3.o)
                0x0000000000002896                __mulsf3
 .text.__extendsfdf2
                0x0000000000002b26       0xac e:/mounriver_studio/toolchain/risc-v embedded gcc/bin/../lib/gcc/riscv-none-embed/8.2.0/rv32imac/ilp32\libgcc.a(extendsfdf2.o)
                0x0000000000002b26                __extendsfdf2
 .text.__truncdfsf2
                0x0000000000002bd2      0x16a e:/mounriver_studio/toolchain/risc-v embedded gcc/bin/../lib/gcc/riscv-none-embed/8.2.0/rv32imac/ilp32\libgcc.a(truncdfsf2.o)
                0x0000000000002bd2                __truncdfsf2
 .text.__clzsi2
                0x0000000000002d3c       0x76 e:/mounriver_studio/toolchain/risc-v embedded gcc/bin/../lib/gcc/riscv-none-embed/8.2.0/rv32imac/ilp32\libgcc.a(_clzsi2.o)
                0x0000000000002d3c                __clzsi2
 .text.__cvt    0x0000000000002db2       0xee e:/mounriver_studio/toolchain/risc-v embedded gcc/bin/../lib/gcc/riscv-none-embed/8.2.0/../../../../riscv-none-embed/lib/rv32imac/ilp32\libg_nano.a(lib_a-nano-vfprintf_float.o)
                0x0000000000002db2                __cvt
 .text.__exponent
                0x0000000000002ea0       0x8c e:/mounriver_studio/toolchain/risc-v embedded gcc/bin/../lib/gcc/riscv-none-embed/8.2.0/../../../../riscv-none-embed/lib/rv32imac/ilp32\libg_nano.a(lib_a-nano-vfprintf_float.o)
                0x0000000000002ea0                __exponent
 .text._printf_float
                0x0000000000002f2c      0x4c4 e:/mounriver_studio/toolchain/risc-v embedded gcc/bin/../lib/gcc/riscv-none-embed/8.2.0/../../../../riscv-none-embed/lib/rv32imac/ilp32\libg_nano.a(lib_a-nano-vfprintf_float.o)
                0x0000000000002f2c                _printf_float
 .text._printf_common
                0x00000000000033f0      0x10c e:/mounriver_studio/toolchain/risc-v embedded gcc/bin/../lib/gcc/riscv-none-embed/8.2.0/../../../../riscv-none-embed/lib/rv32imac/ilp32\libg_nano.a(lib_a-nano-vfprintf_i.o)
                0x00000000000033f0                _printf_common
 .text._printf_i
                0x00000000000034fc      0x2ac e:/mounriver_studio/toolchain/risc-v embedded gcc/bin/../lib/gcc/riscv-none-embed/8.2.0/../../../../riscv-none-embed/lib/rv32imac/ilp32\libg_nano.a(lib_a-nano-vfprintf_i.o)
                0x00000000000034fc                _printf_i
 .text._scanf_float
                0x00000000000037a8      0x476 e:/mounriver_studio/toolchain/risc-v embedded gcc/bin/../lib/gcc/riscv-none-embed/8.2.0/../../../../riscv-none-embed/lib/rv32imac/ilp32\libg_nano.a(lib_a-nano-vfscanf_float.o)
                0x00000000000037a8                _scanf_float
 .text.printf   0x0000000000003c1e       0x42 e:/mounriver_studio/toolchain/risc-v embedded gcc/bin/../lib/gcc/riscv-none-embed/8.2.0/../../../../riscv-none-embed/lib/rv32imac/ilp32\libg_nano.a(lib_a-printf.o)
                0x0000000000003c1e                iprintf
                0x0000000000003c1e                printf
 .text._puts_r  0x0000000000003c60       0xe4 e:/mounriver_studio/toolchain/risc-v embedded gcc/bin/../lib/gcc/riscv-none-embed/8.2.0/../../../../riscv-none-embed/lib/rv32imac/ilp32\libg_nano.a(lib_a-puts.o)
                0x0000000000003c60                _puts_r
 .text.puts     0x0000000000003d44        0xc e:/mounriver_studio/toolchain/risc-v embedded gcc/bin/../lib/gcc/riscv-none-embed/8.2.0/../../../../riscv-none-embed/lib/rv32imac/ilp32\libg_nano.a(lib_a-puts.o)
                0x0000000000003d44                puts
 .text.nanf     0x0000000000003d50        0xc e:/mounriver_studio/toolchain/risc-v embedded gcc/bin/../lib/gcc/riscv-none-embed/8.2.0/../../../../riscv-none-embed/lib/rv32imac/ilp32\libg_nano.a(lib_a-sf_nan.o)
                0x0000000000003d50                nanf
 .text.sprintf  0x0000000000003d5c       0x46 e:/mounriver_studio/toolchain/risc-v embedded gcc/bin/../lib/gcc/riscv-none-embed/8.2.0/../../../../riscv-none-embed/lib/rv32imac/ilp32\libg_nano.a(lib_a-sprintf.o)
                0x0000000000003d5c                siprintf
                0x0000000000003d5c                sprintf
 .text.strlen   0x0000000000003da2       0x12 e:/mounriver_studio/toolchain/risc-v embedded gcc/bin/../lib/gcc/riscv-none-embed/8.2.0/../../../../riscv-none-embed/lib/rv32imac/ilp32\libg_nano.a(lib_a-strlen.o)
                0x0000000000003da2                strlen
 .text.sulp     0x0000000000003db4       0x4e e:/mounriver_studio/toolchain/risc-v embedded gcc/bin/../lib/gcc/riscv-none-embed/8.2.0/../../../../riscv-none-embed/lib/rv32imac/ilp32\libg_nano.a(lib_a-strtod.o)
 .text._strtod_l
                0x0000000000003e02      0xc7e e:/mounriver_studio/toolchain/risc-v embedded gcc/bin/../lib/gcc/riscv-none-embed/8.2.0/../../../../riscv-none-embed/lib/rv32imac/ilp32\libg_nano.a(lib_a-strtod.o)
                0x0000000000003e02                _strtod_l
 .text._strtod_r
                0x0000000000004a80       0x16 e:/mounriver_studio/toolchain/risc-v embedded gcc/bin/../lib/gcc/riscv-none-embed/8.2.0/../../../../riscv-none-embed/lib/rv32imac/ilp32\libg_nano.a(lib_a-strtod.o)
                0x0000000000004a80                _strtod_r
 .text._strtol_l.isra.0
                0x0000000000004a96      0x144 e:/mounriver_studio/toolchain/risc-v embedded gcc/bin/../lib/gcc/riscv-none-embed/8.2.0/../../../../riscv-none-embed/lib/rv32imac/ilp32\libg_nano.a(lib_a-strtol.o)
 .text._strtol_r
                0x0000000000004bda       0x16 e:/mounriver_studio/toolchain/risc-v embedded gcc/bin/../lib/gcc/riscv-none-embed/8.2.0/../../../../riscv-none-embed/lib/rv32imac/ilp32\libg_nano.a(lib_a-strtol.o)
                0x0000000000004bda                _strtol_r
 .text.__swbuf_r
                0x0000000000004bf0       0xc6 e:/mounriver_studio/toolchain/risc-v embedded gcc/bin/../lib/gcc/riscv-none-embed/8.2.0/../../../../riscv-none-embed/lib/rv32imac/ilp32\libg_nano.a(lib_a-wbuf.o)
                0x0000000000004bf0                __swbuf_r
 .text.__swsetup_r
                0x0000000000004cb6      0x112 e:/mounriver_studio/toolchain/risc-v embedded gcc/bin/../lib/gcc/riscv-none-embed/8.2.0/../../../../riscv-none-embed/lib/rv32imac/ilp32\libg_nano.a(lib_a-wsetup.o)
                0x0000000000004cb6                __swsetup_r
 .text.quorem   0x0000000000004dc8      0x13a e:/mounriver_studio/toolchain/risc-v embedded gcc/bin/../lib/gcc/riscv-none-embed/8.2.0/../../../../riscv-none-embed/lib/rv32imac/ilp32\libg_nano.a(lib_a-dtoa.o)
 .text._dtoa_r  0x0000000000004f02      0xc20 e:/mounriver_studio/toolchain/risc-v embedded gcc/bin/../lib/gcc/riscv-none-embed/8.2.0/../../../../riscv-none-embed/lib/rv32imac/ilp32\libg_nano.a(lib_a-dtoa.o)
                0x0000000000004f02                _dtoa_r
 .text.__sflush_r
                0x0000000000005b22      0x13e e:/mounriver_studio/toolchain/risc-v embedded gcc/bin/../lib/gcc/riscv-none-embed/8.2.0/../../../../riscv-none-embed/lib/rv32imac/ilp32\libg_nano.a(lib_a-fflush.o)
                0x0000000000005b22                __sflush_r
 .text._fflush_r
                0x0000000000005c60       0x66 e:/mounriver_studio/toolchain/risc-v embedded gcc/bin/../lib/gcc/riscv-none-embed/8.2.0/../../../../riscv-none-embed/lib/rv32imac/ilp32\libg_nano.a(lib_a-fflush.o)
                0x0000000000005c60                _fflush_r
 .text.std      0x0000000000005cc6       0x6a e:/mounriver_studio/toolchain/risc-v embedded gcc/bin/../lib/gcc/riscv-none-embed/8.2.0/../../../../riscv-none-embed/lib/rv32imac/ilp32\libg_nano.a(lib_a-findfp.o)
 .text._cleanup_r
                0x0000000000005d30        0xa e:/mounriver_studio/toolchain/risc-v embedded gcc/bin/../lib/gcc/riscv-none-embed/8.2.0/../../../../riscv-none-embed/lib/rv32imac/ilp32\libg_nano.a(lib_a-findfp.o)
                0x0000000000005d30                _cleanup_r
 .text.__sfmoreglue
                0x0000000000005d3a       0x48 e:/mounriver_studio/toolchain/risc-v embedded gcc/bin/../lib/gcc/riscv-none-embed/8.2.0/../../../../riscv-none-embed/lib/rv32imac/ilp32\libg_nano.a(lib_a-findfp.o)
                0x0000000000005d3a                __sfmoreglue
 .text.__sinit  0x0000000000005d82       0x6c e:/mounriver_studio/toolchain/risc-v embedded gcc/bin/../lib/gcc/riscv-none-embed/8.2.0/../../../../riscv-none-embed/lib/rv32imac/ilp32\libg_nano.a(lib_a-findfp.o)
                0x0000000000005d82                __sinit
 .text.__sfp    0x0000000000005dee       0xa0 e:/mounriver_studio/toolchain/risc-v embedded gcc/bin/../lib/gcc/riscv-none-embed/8.2.0/../../../../riscv-none-embed/lib/rv32imac/ilp32\libg_nano.a(lib_a-findfp.o)
                0x0000000000005dee                __sfp
 .text._fwalk_reent
                0x0000000000005e8e       0x6c e:/mounriver_studio/toolchain/risc-v embedded gcc/bin/../lib/gcc/riscv-none-embed/8.2.0/../../../../riscv-none-embed/lib/rv32imac/ilp32\libg_nano.a(lib_a-fwalk.o)
                0x0000000000005e8e                _fwalk_reent
 .text.rshift   0x0000000000005efa       0x76 e:/mounriver_studio/toolchain/risc-v embedded gcc/bin/../lib/gcc/riscv-none-embed/8.2.0/../../../../riscv-none-embed/lib/rv32imac/ilp32\libg_nano.a(lib_a-gdtoa-gethex.o)
 .text.__hexdig_fun
                0x0000000000005f70       0x40 e:/mounriver_studio/toolchain/risc-v embedded gcc/bin/../lib/gcc/riscv-none-embed/8.2.0/../../../../riscv-none-embed/lib/rv32imac/ilp32\libg_nano.a(lib_a-gdtoa-gethex.o)
                0x0000000000005f70                __hexdig_fun
 .text.__gethex
                0x0000000000005fb0      0x4cc e:/mounriver_studio/toolchain/risc-v embedded gcc/bin/../lib/gcc/riscv-none-embed/8.2.0/../../../../riscv-none-embed/lib/rv32imac/ilp32\libg_nano.a(lib_a-gdtoa-gethex.o)
                0x0000000000005fb0                __gethex
 .text.L_shift  0x000000000000647c       0x2c e:/mounriver_studio/toolchain/risc-v embedded gcc/bin/../lib/gcc/riscv-none-embed/8.2.0/../../../../riscv-none-embed/lib/rv32imac/ilp32\libg_nano.a(lib_a-gdtoa-hexnan.o)
 .text.__match  0x00000000000064a8       0x30 e:/mounriver_studio/toolchain/risc-v embedded gcc/bin/../lib/gcc/riscv-none-embed/8.2.0/../../../../riscv-none-embed/lib/rv32imac/ilp32\libg_nano.a(lib_a-gdtoa-hexnan.o)
                0x00000000000064a8                __match
 .text.__hexnan
                0x00000000000064d8      0x160 e:/mounriver_studio/toolchain/risc-v embedded gcc/bin/../lib/gcc/riscv-none-embed/8.2.0/../../../../riscv-none-embed/lib/rv32imac/ilp32\libg_nano.a(lib_a-gdtoa-hexnan.o)
                0x00000000000064d8                __hexnan
 .text.__locale_ctype_ptr_l
                0x0000000000006638        0x6 e:/mounriver_studio/toolchain/risc-v embedded gcc/bin/../lib/gcc/riscv-none-embed/8.2.0/../../../../riscv-none-embed/lib/rv32imac/ilp32\libg_nano.a(lib_a-locale.o)
                0x0000000000006638                __locale_ctype_ptr_l
 .text.__localeconv_l
                0x000000000000663e        0x6 e:/mounriver_studio/toolchain/risc-v embedded gcc/bin/../lib/gcc/riscv-none-embed/8.2.0/../../../../riscv-none-embed/lib/rv32imac/ilp32\libg_nano.a(lib_a-localeconv.o)
                0x000000000000663e                __localeconv_l
 .text._localeconv_r
                0x0000000000006644       0x18 e:/mounriver_studio/toolchain/risc-v embedded gcc/bin/../lib/gcc/riscv-none-embed/8.2.0/../../../../riscv-none-embed/lib/rv32imac/ilp32\libg_nano.a(lib_a-localeconv.o)
                0x0000000000006644                _localeconv_r
 .text.__swhatbuf_r
                0x000000000000665c       0x5a e:/mounriver_studio/toolchain/risc-v embedded gcc/bin/../lib/gcc/riscv-none-embed/8.2.0/../../../../riscv-none-embed/lib/rv32imac/ilp32\libg_nano.a(lib_a-makebuf.o)
                0x000000000000665c                __swhatbuf_r
 .text.__smakebuf_r
                0x00000000000066b6       0xa2 e:/mounriver_studio/toolchain/risc-v embedded gcc/bin/../lib/gcc/riscv-none-embed/8.2.0/../../../../riscv-none-embed/lib/rv32imac/ilp32\libg_nano.a(lib_a-makebuf.o)
                0x00000000000066b6                __smakebuf_r
 .text.malloc   0x0000000000006758        0xc e:/mounriver_studio/toolchain/risc-v embedded gcc/bin/../lib/gcc/riscv-none-embed/8.2.0/../../../../riscv-none-embed/lib/rv32imac/ilp32\libg_nano.a(lib_a-malloc.o)
                0x0000000000006758                malloc
 .text.__ascii_mbtowc
                0x0000000000006764       0x3a e:/mounriver_studio/toolchain/risc-v embedded gcc/bin/../lib/gcc/riscv-none-embed/8.2.0/../../../../riscv-none-embed/lib/rv32imac/ilp32\libg_nano.a(lib_a-mbtowc_r.o)
                0x0000000000006764                __ascii_mbtowc
 .text.memchr   0x000000000000679e       0x1a e:/mounriver_studio/toolchain/risc-v embedded gcc/bin/../lib/gcc/riscv-none-embed/8.2.0/../../../../riscv-none-embed/lib/rv32imac/ilp32\libg_nano.a(lib_a-memchr.o)
                0x000000000000679e                memchr
 .text.memcpy   0x00000000000067b8       0xb6 e:/mounriver_studio/toolchain/risc-v embedded gcc/bin/../lib/gcc/riscv-none-embed/8.2.0/../../../../riscv-none-embed/lib/rv32imac/ilp32\libg_nano.a(lib_a-memcpy.o)
                0x00000000000067b8                memcpy
 .text._Balloc  0x000000000000686e       0x8c e:/mounriver_studio/toolchain/risc-v embedded gcc/bin/../lib/gcc/riscv-none-embed/8.2.0/../../../../riscv-none-embed/lib/rv32imac/ilp32\libg_nano.a(lib_a-mprec.o)
                0x000000000000686e                _Balloc
 .text._Bfree   0x00000000000068fa       0x44 e:/mounriver_studio/toolchain/risc-v embedded gcc/bin/../lib/gcc/riscv-none-embed/8.2.0/../../../../riscv-none-embed/lib/rv32imac/ilp32\libg_nano.a(lib_a-mprec.o)
                0x00000000000068fa                _Bfree
 .text.__multadd
                0x000000000000693e       0x98 e:/mounriver_studio/toolchain/risc-v embedded gcc/bin/../lib/gcc/riscv-none-embed/8.2.0/../../../../riscv-none-embed/lib/rv32imac/ilp32\libg_nano.a(lib_a-mprec.o)
                0x000000000000693e                __multadd
 .text.__s2b    0x00000000000069d6       0xa6 e:/mounriver_studio/toolchain/risc-v embedded gcc/bin/../lib/gcc/riscv-none-embed/8.2.0/../../../../riscv-none-embed/lib/rv32imac/ilp32\libg_nano.a(lib_a-mprec.o)
                0x00000000000069d6                __s2b
 .text.__hi0bits
                0x0000000000006a7c       0x46 e:/mounriver_studio/toolchain/risc-v embedded gcc/bin/../lib/gcc/riscv-none-embed/8.2.0/../../../../riscv-none-embed/lib/rv32imac/ilp32\libg_nano.a(lib_a-mprec.o)
                0x0000000000006a7c                __hi0bits
 .text.__lo0bits
                0x0000000000006ac2       0x6a e:/mounriver_studio/toolchain/risc-v embedded gcc/bin/../lib/gcc/riscv-none-embed/8.2.0/../../../../riscv-none-embed/lib/rv32imac/ilp32\libg_nano.a(lib_a-mprec.o)
                0x0000000000006ac2                __lo0bits
 .text.__i2b    0x0000000000006b2c       0x1c e:/mounriver_studio/toolchain/risc-v embedded gcc/bin/../lib/gcc/riscv-none-embed/8.2.0/../../../../riscv-none-embed/lib/rv32imac/ilp32\libg_nano.a(lib_a-mprec.o)
                0x0000000000006b2c                __i2b
 .text.__multiply
                0x0000000000006b48      0x144 e:/mounriver_studio/toolchain/risc-v embedded gcc/bin/../lib/gcc/riscv-none-embed/8.2.0/../../../../riscv-none-embed/lib/rv32imac/ilp32\libg_nano.a(lib_a-mprec.o)
                0x0000000000006b48                __multiply
 .text.__pow5mult
                0x0000000000006c8c       0xbe e:/mounriver_studio/toolchain/risc-v embedded gcc/bin/../lib/gcc/riscv-none-embed/8.2.0/../../../../riscv-none-embed/lib/rv32imac/ilp32\libg_nano.a(lib_a-mprec.o)
                0x0000000000006c8c                __pow5mult
 .text.__lshift
                0x0000000000006d4a       0xce e:/mounriver_studio/toolchain/risc-v embedded gcc/bin/../lib/gcc/riscv-none-embed/8.2.0/../../../../riscv-none-embed/lib/rv32imac/ilp32\libg_nano.a(lib_a-mprec.o)
                0x0000000000006d4a                __lshift
 .text.__mcmp   0x0000000000006e18       0x32 e:/mounriver_studio/toolchain/risc-v embedded gcc/bin/../lib/gcc/riscv-none-embed/8.2.0/../../../../riscv-none-embed/lib/rv32imac/ilp32\libg_nano.a(lib_a-mprec.o)
                0x0000000000006e18                __mcmp
 .text.__mdiff  0x0000000000006e4a       0xf2 e:/mounriver_studio/toolchain/risc-v embedded gcc/bin/../lib/gcc/riscv-none-embed/8.2.0/../../../../riscv-none-embed/lib/rv32imac/ilp32\libg_nano.a(lib_a-mprec.o)
                0x0000000000006e4a                __mdiff
 .text.__ulp    0x0000000000006f3c       0x46 e:/mounriver_studio/toolchain/risc-v embedded gcc/bin/../lib/gcc/riscv-none-embed/8.2.0/../../../../riscv-none-embed/lib/rv32imac/ilp32\libg_nano.a(lib_a-mprec.o)
                0x0000000000006f3c                __ulp
 .text.__b2d    0x0000000000006f82       0xb4 e:/mounriver_studio/toolchain/risc-v embedded gcc/bin/../lib/gcc/riscv-none-embed/8.2.0/../../../../riscv-none-embed/lib/rv32imac/ilp32\libg_nano.a(lib_a-mprec.o)
                0x0000000000006f82                __b2d
 .text.__d2b    0x0000000000007036       0xd4 e:/mounriver_studio/toolchain/risc-v embedded gcc/bin/../lib/gcc/riscv-none-embed/8.2.0/../../../../riscv-none-embed/lib/rv32imac/ilp32\libg_nano.a(lib_a-mprec.o)
                0x0000000000007036                __d2b
 .text.__ratio  0x000000000000710a       0x74 e:/mounriver_studio/toolchain/risc-v embedded gcc/bin/../lib/gcc/riscv-none-embed/8.2.0/../../../../riscv-none-embed/lib/rv32imac/ilp32\libg_nano.a(lib_a-mprec.o)
                0x000000000000710a                __ratio
 .text.__copybits
                0x000000000000717e       0x36 e:/mounriver_studio/toolchain/risc-v embedded gcc/bin/../lib/gcc/riscv-none-embed/8.2.0/../../../../riscv-none-embed/lib/rv32imac/ilp32\libg_nano.a(lib_a-mprec.o)
                0x000000000000717e                __copybits
 .text.__any_on
                0x00000000000071b4       0x46 e:/mounriver_studio/toolchain/risc-v embedded gcc/bin/../lib/gcc/riscv-none-embed/8.2.0/../../../../riscv-none-embed/lib/rv32imac/ilp32\libg_nano.a(lib_a-mprec.o)
                0x00000000000071b4                __any_on
 .text._calloc_r
                0x00000000000071fa       0x26 e:/mounriver_studio/toolchain/risc-v embedded gcc/bin/../lib/gcc/riscv-none-embed/8.2.0/../../../../riscv-none-embed/lib/rv32imac/ilp32\libg_nano.a(lib_a-nano-callocr.o)
                0x00000000000071fa                _calloc_r
 .text._free_r  0x0000000000007220       0xa8 e:/mounriver_studio/toolchain/risc-v embedded gcc/bin/../lib/gcc/riscv-none-embed/8.2.0/../../../../riscv-none-embed/lib/rv32imac/ilp32\libg_nano.a(lib_a-nano-freer.o)
                0x0000000000007220                _free_r
 .text._malloc_r
                0x00000000000072c8       0xd4 e:/mounriver_studio/toolchain/risc-v embedded gcc/bin/../lib/gcc/riscv-none-embed/8.2.0/../../../../riscv-none-embed/lib/rv32imac/ilp32\libg_nano.a(lib_a-nano-mallocr.o)
                0x00000000000072c8                _malloc_r
 .text.__ssputs_r
                0x000000000000739c       0xee e:/mounriver_studio/toolchain/risc-v embedded gcc/bin/../lib/gcc/riscv-none-embed/8.2.0/../../../../riscv-none-embed/lib/rv32imac/ilp32\libg_nano.a(lib_a-nano-svfprintf.o)
                0x000000000000739c                __ssputs_r
 .text._svfprintf_r
                0x000000000000748a      0x27e e:/mounriver_studio/toolchain/risc-v embedded gcc/bin/../lib/gcc/riscv-none-embed/8.2.0/../../../../riscv-none-embed/lib/rv32imac/ilp32\libg_nano.a(lib_a-nano-svfprintf.o)
                0x000000000000748a                _svfiprintf_r
                0x000000000000748a                _svfprintf_r
 .text.__sfputc_r
                0x0000000000007708       0x2a e:/mounriver_studio/toolchain/risc-v embedded gcc/bin/../lib/gcc/riscv-none-embed/8.2.0/../../../../riscv-none-embed/lib/rv32imac/ilp32\libg_nano.a(lib_a-nano-vfprintf.o)
 .text.__sfputs_r
                0x0000000000007732       0x44 e:/mounriver_studio/toolchain/risc-v embedded gcc/bin/../lib/gcc/riscv-none-embed/8.2.0/../../../../riscv-none-embed/lib/rv32imac/ilp32\libg_nano.a(lib_a-nano-vfprintf.o)
                0x0000000000007732                __sfputs_r
 .text._vfprintf_r
                0x0000000000007776      0x2a0 e:/mounriver_studio/toolchain/risc-v embedded gcc/bin/../lib/gcc/riscv-none-embed/8.2.0/../../../../riscv-none-embed/lib/rv32imac/ilp32\libg_nano.a(lib_a-nano-vfprintf.o)
                0x0000000000007776                _vfprintf_r
                0x0000000000007776                _vfiprintf_r
 .text._sbrk_r  0x0000000000007a16       0x2a e:/mounriver_studio/toolchain/risc-v embedded gcc/bin/../lib/gcc/riscv-none-embed/8.2.0/../../../../riscv-none-embed/lib/rv32imac/ilp32\libg_nano.a(lib_a-sbrkr.o)
                0x0000000000007a16                _sbrk_r
 .text.__sread  0x0000000000007a40       0x30 e:/mounriver_studio/toolchain/risc-v embedded gcc/bin/../lib/gcc/riscv-none-embed/8.2.0/../../../../riscv-none-embed/lib/rv32imac/ilp32\libg_nano.a(lib_a-stdio.o)
                0x0000000000007a40                __sread
 .text.__swrite
                0x0000000000007a70       0x4e e:/mounriver_studio/toolchain/risc-v embedded gcc/bin/../lib/gcc/riscv-none-embed/8.2.0/../../../../riscv-none-embed/lib/rv32imac/ilp32\libg_nano.a(lib_a-stdio.o)
                0x0000000000007a70                __swrite
 .text.__sseek  0x0000000000007abe       0x36 e:/mounriver_studio/toolchain/risc-v embedded gcc/bin/../lib/gcc/riscv-none-embed/8.2.0/../../../../riscv-none-embed/lib/rv32imac/ilp32\libg_nano.a(lib_a-stdio.o)
                0x0000000000007abe                __sseek
 .text.__sclose
                0x0000000000007af4        0x6 e:/mounriver_studio/toolchain/risc-v embedded gcc/bin/../lib/gcc/riscv-none-embed/8.2.0/../../../../riscv-none-embed/lib/rv32imac/ilp32\libg_nano.a(lib_a-stdio.o)
                0x0000000000007af4                __sclose
 .text.strncmp  0x0000000000007afa       0x2c e:/mounriver_studio/toolchain/risc-v embedded gcc/bin/../lib/gcc/riscv-none-embed/8.2.0/../../../../riscv-none-embed/lib/rv32imac/ilp32\libg_nano.a(lib_a-strncmp.o)
                0x0000000000007afa                strncmp
 .text.__ascii_wctomb
                0x0000000000007b26       0x20 e:/mounriver_studio/toolchain/risc-v embedded gcc/bin/../lib/gcc/riscv-none-embed/8.2.0/../../../../riscv-none-embed/lib/rv32imac/ilp32\libg_nano.a(lib_a-wctomb_r.o)
                0x0000000000007b26                __ascii_wctomb
 .text._write_r
                0x0000000000007b46       0x2e e:/mounriver_studio/toolchain/risc-v embedded gcc/bin/../lib/gcc/riscv-none-embed/8.2.0/../../../../riscv-none-embed/lib/rv32imac/ilp32\libg_nano.a(lib_a-writer.o)
                0x0000000000007b46                _write_r
 .text._close_r
                0x0000000000007b74       0x2a e:/mounriver_studio/toolchain/risc-v embedded gcc/bin/../lib/gcc/riscv-none-embed/8.2.0/../../../../riscv-none-embed/lib/rv32imac/ilp32\libg_nano.a(lib_a-closer.o)
                0x0000000000007b74                _close_r
 .text._fstat_r
                0x0000000000007b9e       0x2c e:/mounriver_studio/toolchain/risc-v embedded gcc/bin/../lib/gcc/riscv-none-embed/8.2.0/../../../../riscv-none-embed/lib/rv32imac/ilp32\libg_nano.a(lib_a-fstatr.o)
                0x0000000000007b9e                _fstat_r
 .text._isatty_r
                0x0000000000007bca       0x2a e:/mounriver_studio/toolchain/risc-v embedded gcc/bin/../lib/gcc/riscv-none-embed/8.2.0/../../../../riscv-none-embed/lib/rv32imac/ilp32\libg_nano.a(lib_a-isattyr.o)
                0x0000000000007bca                _isatty_r
 .text._lseek_r
                0x0000000000007bf4       0x2e e:/mounriver_studio/toolchain/risc-v embedded gcc/bin/../lib/gcc/riscv-none-embed/8.2.0/../../../../riscv-none-embed/lib/rv32imac/ilp32\libg_nano.a(lib_a-lseekr.o)
                0x0000000000007bf4                _lseek_r
 .text.memmove  0x0000000000007c22       0x4a e:/mounriver_studio/toolchain/risc-v embedded gcc/bin/../lib/gcc/riscv-none-embed/8.2.0/../../../../riscv-none-embed/lib/rv32imac/ilp32\libg_nano.a(lib_a-memmove.o)
                0x0000000000007c22                memmove
 .text.__malloc_lock
                0x0000000000007c6c        0x2 e:/mounriver_studio/toolchain/risc-v embedded gcc/bin/../lib/gcc/riscv-none-embed/8.2.0/../../../../riscv-none-embed/lib/rv32imac/ilp32\libg_nano.a(lib_a-mlock.o)
                0x0000000000007c6c                __malloc_lock
 .text.__malloc_unlock
                0x0000000000007c6e        0x2 e:/mounriver_studio/toolchain/risc-v embedded gcc/bin/../lib/gcc/riscv-none-embed/8.2.0/../../../../riscv-none-embed/lib/rv32imac/ilp32\libg_nano.a(lib_a-mlock.o)
                0x0000000000007c6e                __malloc_unlock
 .text._realloc_r
                0x0000000000007c70       0x58 e:/mounriver_studio/toolchain/risc-v embedded gcc/bin/../lib/gcc/riscv-none-embed/8.2.0/../../../../riscv-none-embed/lib/rv32imac/ilp32\libg_nano.a(lib_a-nano-reallocr.o)
                0x0000000000007c70                _realloc_r
 .text._read_r  0x0000000000007cc8       0x2e e:/mounriver_studio/toolchain/risc-v embedded gcc/bin/../lib/gcc/riscv-none-embed/8.2.0/../../../../riscv-none-embed/lib/rv32imac/ilp32\libg_nano.a(lib_a-readr.o)
                0x0000000000007cc8                _read_r
 .text._malloc_usable_size_r
                0x0000000000007cf6       0x14 e:/mounriver_studio/toolchain/risc-v embedded gcc/bin/../lib/gcc/riscv-none-embed/8.2.0/../../../../riscv-none-embed/lib/rv32imac/ilp32\libg_nano.a(lib_a-nano-msizer.o)
                0x0000000000007cf6                _malloc_usable_size_r
 .text.__adddf3
                0x0000000000007d0a      0x730 e:/mounriver_studio/toolchain/risc-v embedded gcc/bin/../lib/gcc/riscv-none-embed/8.2.0/rv32imac/ilp32\libgcc.a(adddf3.o)
                0x0000000000007d0a                __adddf3
 .text.__divdf3
                0x000000000000843a      0x5b4 e:/mounriver_studio/toolchain/risc-v embedded gcc/bin/../lib/gcc/riscv-none-embed/8.2.0/rv32imac/ilp32\libgcc.a(divdf3.o)
                0x000000000000843a                __divdf3
 .text.__eqdf2  0x00000000000089ee       0x6a e:/mounriver_studio/toolchain/risc-v embedded gcc/bin/../lib/gcc/riscv-none-embed/8.2.0/rv32imac/ilp32\libgcc.a(eqdf2.o)
                0x00000000000089ee                __nedf2
                0x00000000000089ee                __eqdf2
 .text.__gedf2  0x0000000000008a58       0xae e:/mounriver_studio/toolchain/risc-v embedded gcc/bin/../lib/gcc/riscv-none-embed/8.2.0/rv32imac/ilp32\libgcc.a(gedf2.o)
                0x0000000000008a58                __gedf2
                0x0000000000008a58                __gtdf2
 .text.__ledf2  0x0000000000008b06       0xb6 e:/mounriver_studio/toolchain/risc-v embedded gcc/bin/../lib/gcc/riscv-none-embed/8.2.0/rv32imac/ilp32\libgcc.a(ledf2.o)
                0x0000000000008b06                __ledf2
                0x0000000000008b06                __ltdf2
 .text.__subdf3
                0x0000000000008bbc      0x73e e:/mounriver_studio/toolchain/risc-v embedded gcc/bin/../lib/gcc/riscv-none-embed/8.2.0/rv32imac/ilp32\libgcc.a(subdf3.o)
                0x0000000000008bbc                __subdf3
 .text.__unorddf2
                0x00000000000092fa       0x3c e:/mounriver_studio/toolchain/risc-v embedded gcc/bin/../lib/gcc/riscv-none-embed/8.2.0/rv32imac/ilp32\libgcc.a(unorddf2.o)
                0x00000000000092fa                __unorddf2
 .text.__fixdfsi
                0x0000000000009336       0x68 e:/mounriver_studio/toolchain/risc-v embedded gcc/bin/../lib/gcc/riscv-none-embed/8.2.0/rv32imac/ilp32\libgcc.a(fixdfsi.o)
                0x0000000000009336                __fixdfsi
 .text.__fixunsdfsi
                0x000000000000939e       0x5c e:/mounriver_studio/toolchain/risc-v embedded gcc/bin/../lib/gcc/riscv-none-embed/8.2.0/rv32imac/ilp32\libgcc.a(fixunsdfsi.o)
                0x000000000000939e                __fixunsdfsi
 .text.__floatunsidf
                0x00000000000093fa       0x68 e:/mounriver_studio/toolchain/risc-v embedded gcc/bin/../lib/gcc/riscv-none-embed/8.2.0/rv32imac/ilp32\libgcc.a(floatunsidf.o)
                0x00000000000093fa                __floatunsidf
 .text.__extenddftf2
                0x0000000000009462      0x1a4 e:/mounriver_studio/toolchain/risc-v embedded gcc/bin/../lib/gcc/riscv-none-embed/8.2.0/rv32imac/ilp32\libgcc.a(extenddftf2.o)
                0x0000000000009462                __extenddftf2
 .text.__trunctfdf2
                0x0000000000009606      0x21e e:/mounriver_studio/toolchain/risc-v embedded gcc/bin/../lib/gcc/riscv-none-embed/8.2.0/rv32imac/ilp32\libgcc.a(trunctfdf2.o)
                0x0000000000009606                __trunctfdf2
 .text._close   0x0000000000009824        0xc e:/mounriver_studio/toolchain/risc-v embedded gcc/bin/../lib/gcc/riscv-none-embed/8.2.0/../../../../riscv-none-embed/lib/rv32imac/ilp32\libnosys.a(close.o)
                0x0000000000009824                _close
 .text._fstat   0x0000000000009830        0xc e:/mounriver_studio/toolchain/risc-v embedded gcc/bin/../lib/gcc/riscv-none-embed/8.2.0/../../../../riscv-none-embed/lib/rv32imac/ilp32\libnosys.a(fstat.o)
                0x0000000000009830                _fstat
 .text._isatty  0x000000000000983c        0xc e:/mounriver_studio/toolchain/risc-v embedded gcc/bin/../lib/gcc/riscv-none-embed/8.2.0/../../../../riscv-none-embed/lib/rv32imac/ilp32\libnosys.a(isatty.o)
                0x000000000000983c                _isatty
 .text._lseek   0x0000000000009848        0xc e:/mounriver_studio/toolchain/risc-v embedded gcc/bin/../lib/gcc/riscv-none-embed/8.2.0/../../../../riscv-none-embed/lib/rv32imac/ilp32\libnosys.a(lseek.o)
                0x0000000000009848                _lseek
 .text._read    0x0000000000009854        0xc e:/mounriver_studio/toolchain/risc-v embedded gcc/bin/../lib/gcc/riscv-none-embed/8.2.0/../../../../riscv-none-embed/lib/rv32imac/ilp32\libnosys.a(read.o)
                0x0000000000009854                _read
 *(.rodata)
 *(.rodata*)
 *fill*         0x0000000000009860        0x0 
 .rodata.TCJSendEnd.str1.4
                0x0000000000009860        0x4 CMakeFiles/L103pro.elf.dir/User/TJCScreen.c.obj
 .rodata.TCJSendTxt.str1.4
                0x0000000000009864        0xc CMakeFiles/L103pro.elf.dir/User/TJCScreen.c.obj
 .rodata.INA226_Init.str1.4
                0x0000000000009870       0x25 CMakeFiles/L103pro.elf.dir/User/ina226.c.obj
 *fill*         0x0000000000009895        0x3 
 .rodata.INA226_Read2Byte_I2C2.str1.4
                0x0000000000009898        0x6 CMakeFiles/L103pro.elf.dir/User/ina226.c.obj
 *fill*         0x000000000000989e        0x2 
 .rodata.main   0x00000000000098a0       0x48 CMakeFiles/L103pro.elf.dir/User/main.c.obj
 .rodata.main.cst4
                0x00000000000098e8        0x4 CMakeFiles/L103pro.elf.dir/User/main.c.obj
 *fill*         0x00000000000098ec        0x4 
 .rodata.main.cst8
                0x00000000000098f0       0x10 CMakeFiles/L103pro.elf.dir/User/main.c.obj
 .rodata.main.str1.4
                0x0000000000009900       0x48 CMakeFiles/L103pro.elf.dir/User/main.c.obj
 .rodata.__muldf3
                0x0000000000009948       0x40 e:/mounriver_studio/toolchain/risc-v embedded gcc/bin/../lib/gcc/riscv-none-embed/8.2.0/rv32imac/ilp32\libgcc.a(muldf3.o)
 .rodata.__mulsf3
                0x0000000000009988       0x40 e:/mounriver_studio/toolchain/risc-v embedded gcc/bin/../lib/gcc/riscv-none-embed/8.2.0/rv32imac/ilp32\libgcc.a(mulsf3.o)
 .rodata.__clz_tab
                0x00000000000099c8      0x100 e:/mounriver_studio/toolchain/risc-v embedded gcc/bin/../lib/gcc/riscv-none-embed/8.2.0/rv32imac/ilp32\libgcc.a(_clz.o)
                0x00000000000099c8                __clz_tab
 .rodata._printf_float.cst8
                0x0000000000009ac8        0x8 e:/mounriver_studio/toolchain/risc-v embedded gcc/bin/../lib/gcc/riscv-none-embed/8.2.0/../../../../riscv-none-embed/lib/rv32imac/ilp32\libg_nano.a(lib_a-nano-vfprintf_float.o)
 .rodata._printf_float.str1.4
                0x0000000000009ad0       0x12 e:/mounriver_studio/toolchain/risc-v embedded gcc/bin/../lib/gcc/riscv-none-embed/8.2.0/../../../../riscv-none-embed/lib/rv32imac/ilp32\libg_nano.a(lib_a-nano-vfprintf_float.o)
 *fill*         0x0000000000009ae2        0x2 
 .rodata._printf_i.str1.4
                0x0000000000009ae4       0x25 e:/mounriver_studio/toolchain/risc-v embedded gcc/bin/../lib/gcc/riscv-none-embed/8.2.0/../../../../riscv-none-embed/lib/rv32imac/ilp32\libg_nano.a(lib_a-nano-vfprintf_i.o)
 *fill*         0x0000000000009b09        0x3 
 .rodata._scanf_float.str1.4
                0x0000000000009b0c        0x5 e:/mounriver_studio/toolchain/risc-v embedded gcc/bin/../lib/gcc/riscv-none-embed/8.2.0/../../../../riscv-none-embed/lib/rv32imac/ilp32\libg_nano.a(lib_a-nano-vfscanf_float.o)
 *fill*         0x0000000000009b11        0x3 
 .rodata.nanf.cst4
                0x0000000000009b14        0x4 e:/mounriver_studio/toolchain/risc-v embedded gcc/bin/../lib/gcc/riscv-none-embed/8.2.0/../../../../riscv-none-embed/lib/rv32imac/ilp32\libg_nano.a(lib_a-sf_nan.o)
 .rodata._strtod_l
                0x0000000000009b18       0x14 e:/mounriver_studio/toolchain/risc-v embedded gcc/bin/../lib/gcc/riscv-none-embed/8.2.0/../../../../riscv-none-embed/lib/rv32imac/ilp32\libg_nano.a(lib_a-strtod.o)
 *fill*         0x0000000000009b2c        0x4 
 .rodata._strtod_l.cst8
                0x0000000000009b30       0x38 e:/mounriver_studio/toolchain/risc-v embedded gcc/bin/../lib/gcc/riscv-none-embed/8.2.0/../../../../riscv-none-embed/lib/rv32imac/ilp32\libg_nano.a(lib_a-strtod.o)
 .rodata._strtod_l.str1.4
                0x0000000000009b68        0xf e:/mounriver_studio/toolchain/risc-v embedded gcc/bin/../lib/gcc/riscv-none-embed/8.2.0/../../../../riscv-none-embed/lib/rv32imac/ilp32\libg_nano.a(lib_a-strtod.o)
 *fill*         0x0000000000009b77        0x1 
 .rodata.fpi.3395
                0x0000000000009b78       0x14 e:/mounriver_studio/toolchain/risc-v embedded gcc/bin/../lib/gcc/riscv-none-embed/8.2.0/../../../../riscv-none-embed/lib/rv32imac/ilp32\libg_nano.a(lib_a-strtod.o)
 .rodata.fpinan.3431
                0x0000000000009b8c       0x14 e:/mounriver_studio/toolchain/risc-v embedded gcc/bin/../lib/gcc/riscv-none-embed/8.2.0/../../../../riscv-none-embed/lib/rv32imac/ilp32\libg_nano.a(lib_a-strtod.o)
 .rodata.tinytens
                0x0000000000009ba0       0x28 e:/mounriver_studio/toolchain/risc-v embedded gcc/bin/../lib/gcc/riscv-none-embed/8.2.0/../../../../riscv-none-embed/lib/rv32imac/ilp32\libg_nano.a(lib_a-strtod.o)
 .rodata._dtoa_r.cst8
                0x0000000000009bc8       0x38 e:/mounriver_studio/toolchain/risc-v embedded gcc/bin/../lib/gcc/riscv-none-embed/8.2.0/../../../../riscv-none-embed/lib/rv32imac/ilp32\libg_nano.a(lib_a-dtoa.o)
                                         0x48 (size before relaxing)
 .rodata._dtoa_r.str1.4
                0x0000000000009c00       0x10 e:/mounriver_studio/toolchain/risc-v embedded gcc/bin/../lib/gcc/riscv-none-embed/8.2.0/../../../../riscv-none-embed/lib/rv32imac/ilp32\libg_nano.a(lib_a-dtoa.o)
                                         0x12 (size before relaxing)
 .rodata.__sf_fake_stderr
                0x0000000000009c10       0x20 e:/mounriver_studio/toolchain/risc-v embedded gcc/bin/../lib/gcc/riscv-none-embed/8.2.0/../../../../riscv-none-embed/lib/rv32imac/ilp32\libg_nano.a(lib_a-findfp.o)
                0x0000000000009c10                __sf_fake_stderr
 .rodata.__sf_fake_stdin
                0x0000000000009c30       0x20 e:/mounriver_studio/toolchain/risc-v embedded gcc/bin/../lib/gcc/riscv-none-embed/8.2.0/../../../../riscv-none-embed/lib/rv32imac/ilp32\libg_nano.a(lib_a-findfp.o)
                0x0000000000009c30                __sf_fake_stdin
 .rodata.__sf_fake_stdout
                0x0000000000009c50       0x20 e:/mounriver_studio/toolchain/risc-v embedded gcc/bin/../lib/gcc/riscv-none-embed/8.2.0/../../../../riscv-none-embed/lib/rv32imac/ilp32\libg_nano.a(lib_a-findfp.o)
                0x0000000000009c50                __sf_fake_stdout
 .rodata._setlocale_r.str1.4
                0x0000000000009c70        0xa e:/mounriver_studio/toolchain/risc-v embedded gcc/bin/../lib/gcc/riscv-none-embed/8.2.0/../../../../riscv-none-embed/lib/rv32imac/ilp32\libg_nano.a(lib_a-locale.o)
                                          0xd (size before relaxing)
 *fill*         0x0000000000009c7a        0x2 
 .rodata.str1.4
                0x0000000000009c7c        0x2 e:/mounriver_studio/toolchain/risc-v embedded gcc/bin/../lib/gcc/riscv-none-embed/8.2.0/../../../../riscv-none-embed/lib/rv32imac/ilp32\libg_nano.a(lib_a-locale.o)
 *fill*         0x0000000000009c7e        0x2 
 .rodata.__mprec_bigtens
                0x0000000000009c80       0x28 e:/mounriver_studio/toolchain/risc-v embedded gcc/bin/../lib/gcc/riscv-none-embed/8.2.0/../../../../riscv-none-embed/lib/rv32imac/ilp32\libg_nano.a(lib_a-mprec.o)
                0x0000000000009c80                __mprec_bigtens
 .rodata.__mprec_tens
                0x0000000000009ca8       0xc8 e:/mounriver_studio/toolchain/risc-v embedded gcc/bin/../lib/gcc/riscv-none-embed/8.2.0/../../../../riscv-none-embed/lib/rv32imac/ilp32\libg_nano.a(lib_a-mprec.o)
                0x0000000000009ca8                __mprec_tens
 .rodata.p05.3319
                0x0000000000009d70        0xc e:/mounriver_studio/toolchain/risc-v embedded gcc/bin/../lib/gcc/riscv-none-embed/8.2.0/../../../../riscv-none-embed/lib/rv32imac/ilp32\libg_nano.a(lib_a-mprec.o)
 .rodata._svfprintf_r.str1.4
                0x0000000000009d7c       0x14 e:/mounriver_studio/toolchain/risc-v embedded gcc/bin/../lib/gcc/riscv-none-embed/8.2.0/../../../../riscv-none-embed/lib/rv32imac/ilp32\libg_nano.a(lib_a-nano-svfprintf.o)
                                         0x13 (size before relaxing)
 .rodata._vfprintf_r.str1.4
                0x0000000000009d90       0x13 e:/mounriver_studio/toolchain/risc-v embedded gcc/bin/../lib/gcc/riscv-none-embed/8.2.0/../../../../riscv-none-embed/lib/rv32imac/ilp32\libg_nano.a(lib_a-nano-vfprintf.o)
 .rodata._ctype_
                0x0000000000009d90      0x101 e:/mounriver_studio/toolchain/risc-v embedded gcc/bin/../lib/gcc/riscv-none-embed/8.2.0/../../../../riscv-none-embed/lib/rv32imac/ilp32\libg_nano.a(lib_a-ctype_.o)
                0x0000000000009d90                _ctype_
 *fill*         0x0000000000009e91        0x3 
 .rodata.__divdf3
                0x0000000000009e94       0x40 e:/mounriver_studio/toolchain/risc-v embedded gcc/bin/../lib/gcc/riscv-none-embed/8.2.0/rv32imac/ilp32\libgcc.a(divdf3.o)
 *(.gnu.linkonce.t.*)
                0x0000000000009ed4                . = ALIGN (0x4)

.rela.dyn       0x0000000000009ed4        0x0
 .rela.text._sbrk
                0x0000000000009ed4        0x0 CMakeFiles/L103pro.elf.dir/Debug/debug.c.obj
 .rela.sdata.curbrk.5375
                0x0000000000009ed4        0x0 CMakeFiles/L103pro.elf.dir/Debug/debug.c.obj
 .rela.init     0x0000000000009ed4        0x0 CMakeFiles/L103pro.elf.dir/Debug/debug.c.obj
 .rela.vector   0x0000000000009ed4        0x0 CMakeFiles/L103pro.elf.dir/Debug/debug.c.obj
 .rela.text.handle_reset
                0x0000000000009ed4        0x0 CMakeFiles/L103pro.elf.dir/Debug/debug.c.obj
 .rela.text._svfprintf_r
                0x0000000000009ed4        0x0 CMakeFiles/L103pro.elf.dir/Debug/debug.c.obj
 .rela.text._vfprintf_r
                0x0000000000009ed4        0x0 CMakeFiles/L103pro.elf.dir/Debug/debug.c.obj
 .rela.text._sbrk_r
                0x0000000000009ed4        0x0 CMakeFiles/L103pro.elf.dir/Debug/debug.c.obj
 .rela.text._write_r
                0x0000000000009ed4        0x0 CMakeFiles/L103pro.elf.dir/Debug/debug.c.obj
 .rela.text._close_r
                0x0000000000009ed4        0x0 CMakeFiles/L103pro.elf.dir/Debug/debug.c.obj
 .rela.text._fstat_r
                0x0000000000009ed4        0x0 CMakeFiles/L103pro.elf.dir/Debug/debug.c.obj
 .rela.text._isatty_r
                0x0000000000009ed4        0x0 CMakeFiles/L103pro.elf.dir/Debug/debug.c.obj
 .rela.text._lseek_r
                0x0000000000009ed4        0x0 CMakeFiles/L103pro.elf.dir/Debug/debug.c.obj
 .rela.text._read_r
                0x0000000000009ed4        0x0 CMakeFiles/L103pro.elf.dir/Debug/debug.c.obj
 .rela.text._close
                0x0000000000009ed4        0x0 CMakeFiles/L103pro.elf.dir/Debug/debug.c.obj
 .rela.text._fstat
                0x0000000000009ed4        0x0 CMakeFiles/L103pro.elf.dir/Debug/debug.c.obj
 .rela.text._isatty
                0x0000000000009ed4        0x0 CMakeFiles/L103pro.elf.dir/Debug/debug.c.obj
 .rela.text._lseek
                0x0000000000009ed4        0x0 CMakeFiles/L103pro.elf.dir/Debug/debug.c.obj
 .rela.text._read
                0x0000000000009ed4        0x0 CMakeFiles/L103pro.elf.dir/Debug/debug.c.obj

.fini           0x0000000000009ed4        0x0
 *(SORT_NONE(.fini))
                0x0000000000009ed4                . = ALIGN (0x4)
                [!provide]                        PROVIDE (_etext = .)
                [!provide]                        PROVIDE (_eitcm = .)

.preinit_array  0x0000000000009ed4        0x0
                [!provide]                        PROVIDE (__preinit_array_start = .)
 *(.preinit_array)
                [!provide]                        PROVIDE (__preinit_array_end = .)

.init_array     0x0000000000009ed4        0x0
                [!provide]                        PROVIDE (__init_array_start = .)
 *(SORT_BY_INIT_PRIORITY(.init_array.*) SORT_BY_INIT_PRIORITY(.ctors.*))
 *(.init_array EXCLUDE_FILE(*crtend?.o *crtend.o *crtbegin?.o *crtbegin.o) .ctors)
                [!provide]                        PROVIDE (__init_array_end = .)

.fini_array     0x0000000000009ed4        0x0
                [!provide]                        PROVIDE (__fini_array_start = .)
 *(SORT_BY_INIT_PRIORITY(.fini_array.*) SORT_BY_INIT_PRIORITY(.dtors.*))
 *(.fini_array EXCLUDE_FILE(*crtend?.o *crtend.o *crtbegin?.o *crtbegin.o) .dtors)
                [!provide]                        PROVIDE (__fini_array_end = .)

.ctors
 *crtbegin.o(.ctors)
 *crtbegin?.o(.ctors)
 *(EXCLUDE_FILE(*crtend?.o *crtend.o) .ctors)
 *(SORT_BY_NAME(.ctors.*))
 *(.ctors)

.dtors
 *crtbegin.o(.dtors)
 *crtbegin?.o(.dtors)
 *(EXCLUDE_FILE(*crtend?.o *crtend.o) .dtors)
 *(SORT_BY_NAME(.dtors.*))
 *(.dtors)

.dalign         0x0000000020000000        0x0 load address 0x0000000000009ed4
                0x0000000020000000                . = ALIGN (0x4)
                0x0000000020000000                PROVIDE (_data_vma = .)

.dlalign        0x0000000000009ed4        0x0
                0x0000000000009ed4                . = ALIGN (0x4)
                0x0000000000009ed4                PROVIDE (_data_lma = .)

.data           0x0000000020000000      0x208 load address 0x0000000000009ed4
 *(.gnu.linkonce.r.*)
 *(.data .data.*)
 .data.PBHBPrescTable
                0x0000000020000000       0x10 CMakeFiles/L103pro.elf.dir/Peripheral/src/ch32l103_rcc.c.obj
 .data.HBPrescTable
                0x0000000020000010       0x10 CMakeFiles/L103pro.elf.dir/User/system_ch32l103.c.obj
                0x0000000020000010                HBPrescTable
 .data.impure_data
                0x0000000020000020       0x60 e:/mounriver_studio/toolchain/risc-v embedded gcc/bin/../lib/gcc/riscv-none-embed/8.2.0/../../../../riscv-none-embed/lib/rv32imac/ilp32\libg_nano.a(lib_a-impure.o)
 .data.__global_locale
                0x0000000020000080      0x16c e:/mounriver_studio/toolchain/risc-v embedded gcc/bin/../lib/gcc/riscv-none-embed/8.2.0/../../../../riscv-none-embed/lib/rv32imac/ilp32\libg_nano.a(lib_a-locale.o)
                0x0000000020000080                __global_locale
 *(.gnu.linkonce.d.*)
                0x00000000200001f0                . = ALIGN (0x8)
 *fill*         0x00000000200001ec        0x4 
                0x00000000200009f0                PROVIDE (__global_pointer$ = (. + 0x800))
 *(.sdata .sdata.*)
 .sdata.curbrk.5375
                0x00000000200001f0        0x4 CMakeFiles/L103pro.elf.dir/Debug/debug.c.obj
 .sdata.ADCPrescTable
                0x00000000200001f4        0x4 CMakeFiles/L103pro.elf.dir/Peripheral/src/ch32l103_rcc.c.obj
 .sdata.SystemCoreClock
                0x00000000200001f8        0x4 CMakeFiles/L103pro.elf.dir/User/system_ch32l103.c.obj
                0x00000000200001f8                SystemCoreClock
 .sdata._impure_ptr
                0x00000000200001fc        0x4 e:/mounriver_studio/toolchain/risc-v embedded gcc/bin/../lib/gcc/riscv-none-embed/8.2.0/../../../../riscv-none-embed/lib/rv32imac/ilp32\libg_nano.a(lib_a-impure.o)
                0x00000000200001fc                _impure_ptr
 *(.sdata2.*)
 .sdata2._global_impure_ptr
                0x0000000020000200        0x4 e:/mounriver_studio/toolchain/risc-v embedded gcc/bin/../lib/gcc/riscv-none-embed/8.2.0/../../../../riscv-none-embed/lib/rv32imac/ilp32\libg_nano.a(lib_a-impure.o)
                0x0000000020000200                _global_impure_ptr
 *(.gnu.linkonce.s.*)
                0x0000000020000208                . = ALIGN (0x8)
 *fill*         0x0000000020000204        0x4 
 *(.srodata.cst16)
 *(.srodata.cst8)
 *(.srodata.cst4)
 *(.srodata.cst2)
 *(.srodata .srodata.*)
                0x0000000020000208                . = ALIGN (0x4)
                0x0000000020000208                PROVIDE (_edata = .)

.bss            0x0000000020000208       0xb8 load address 0x000000000000a0dc
                0x0000000020000208                . = ALIGN (0x4)
                0x0000000020000208                PROVIDE (_sbss = .)
 *(.sbss*)
 .sbss.p_ms     0x0000000020000208        0x2 CMakeFiles/L103pro.elf.dir/Debug/debug.c.obj
 .sbss.p_us     0x000000002000020a        0x2 CMakeFiles/L103pro.elf.dir/Debug/debug.c.obj
 .sbss.ADC_Trim
                0x000000002000020c        0x2 CMakeFiles/L103pro.elf.dir/Peripheral/src/ch32l103_gpio.c.obj
                0x000000002000020c                ADC_Trim
 *fill*         0x000000002000020e        0x2 
 .sbss.CHIPID   0x0000000020000210        0x4 CMakeFiles/L103pro.elf.dir/Peripheral/src/ch32l103_gpio.c.obj
                0x0000000020000210                CHIPID
 .sbss.OPA_Trim
                0x0000000020000214        0x4 CMakeFiles/L103pro.elf.dir/Peripheral/src/ch32l103_gpio.c.obj
                0x0000000020000214                OPA_Trim
 .sbss.TS_Val   0x0000000020000218        0x4 CMakeFiles/L103pro.elf.dir/Peripheral/src/ch32l103_gpio.c.obj
                0x0000000020000218                TS_Val
 .sbss.NVIC_Priority_Group
                0x000000002000021c        0x4 CMakeFiles/L103pro.elf.dir/Peripheral/src/ch32l103_misc.c.obj
                0x000000002000021c                NVIC_Priority_Group
 .sbss.gHuart   0x0000000020000220        0x4 CMakeFiles/L103pro.elf.dir/User/TJCScreen.c.obj
                0x0000000020000220                gHuart
 .sbss.RxCnt1   0x0000000020000224        0x1 CMakeFiles/L103pro.elf.dir/User/main.c.obj
                0x0000000020000224                RxCnt1
 *fill*         0x0000000020000225        0x3 
 .sbss.__malloc_free_list
                0x0000000020000228        0x4 e:/mounriver_studio/toolchain/risc-v embedded gcc/bin/../lib/gcc/riscv-none-embed/8.2.0/../../../../riscv-none-embed/lib/rv32imac/ilp32\libg_nano.a(lib_a-nano-mallocr.o)
                0x0000000020000228                __malloc_free_list
 .sbss.__malloc_sbrk_start
                0x000000002000022c        0x4 e:/mounriver_studio/toolchain/risc-v embedded gcc/bin/../lib/gcc/riscv-none-embed/8.2.0/../../../../riscv-none-embed/lib/rv32imac/ilp32\libg_nano.a(lib_a-nano-mallocr.o)
                0x000000002000022c                __malloc_sbrk_start
 *(.gnu.linkonce.sb.*)
 *(.bss*)
 .bss.Bus_V     0x0000000020000230       0x20 CMakeFiles/L103pro.elf.dir/User/main.c.obj
                0x0000000020000230                Bus_V
 .bss.RxBuffer1
                0x0000000020000250        0xc CMakeFiles/L103pro.elf.dir/User/main.c.obj
                0x0000000020000250                RxBuffer1
 .bss.current   0x000000002000025c       0x20 CMakeFiles/L103pro.elf.dir/User/main.c.obj
                0x000000002000025c                current
 .bss.dianliu_yuzhi
                0x000000002000027c       0x20 CMakeFiles/L103pro.elf.dir/User/main.c.obj
                0x000000002000027c                dianliu_yuzhi
 .bss.power     0x000000002000029c       0x20 CMakeFiles/L103pro.elf.dir/User/main.c.obj
                0x000000002000029c                power
 *(.gnu.linkonce.b.*)
 *(COMMON*)
 COMMON         0x00000000200002bc        0x4 e:/mounriver_studio/toolchain/risc-v embedded gcc/bin/../lib/gcc/riscv-none-embed/8.2.0/../../../../riscv-none-embed/lib/rv32imac/ilp32\libg_nano.a(lib_a-reent.o)
                0x00000000200002bc                errno
                0x00000000200002c0                . = ALIGN (0x4)
                0x00000000200002c0                PROVIDE (_ebss = .)
                0x00000000200002c0                PROVIDE (_end = _ebss)
                [!provide]                        PROVIDE (end = .)

.stack          0x0000000020004800      0x800
                0x0000000020004800                PROVIDE (_heap_end = .)
                0x0000000020004800                . = ALIGN (0x4)
                [!provide]                        PROVIDE (_susrstack = .)
                0x0000000020005000                . = (. + __stack_size)
 *fill*         0x0000000020004800      0x800 
                0x0000000020005000                PROVIDE (_eusrstack = .)
OUTPUT(L103pro.elf elf32-littleriscv)

.debug_info     0x0000000000000000     0xe85d
 .debug_info    0x0000000000000000      0xff6 CMakeFiles/L103pro.elf.dir/Debug/debug.c.obj
 .debug_info    0x0000000000000ff6      0xaf1 CMakeFiles/L103pro.elf.dir/Peripheral/src/ch32l103_dbgmcu.c.obj
 .debug_info    0x0000000000001ae7     0x13fe CMakeFiles/L103pro.elf.dir/Peripheral/src/ch32l103_gpio.c.obj
 .debug_info    0x0000000000002ee5     0x152d CMakeFiles/L103pro.elf.dir/Peripheral/src/ch32l103_i2c.c.obj
 .debug_info    0x0000000000004412      0xf3f CMakeFiles/L103pro.elf.dir/Peripheral/src/ch32l103_misc.c.obj
 .debug_info    0x0000000000005351     0x12e3 CMakeFiles/L103pro.elf.dir/Peripheral/src/ch32l103_rcc.c.obj
 .debug_info    0x0000000000006634     0x1472 CMakeFiles/L103pro.elf.dir/Peripheral/src/ch32l103_usart.c.obj
 .debug_info    0x0000000000007aa6       0x22 CMakeFiles/L103pro.elf.dir/Startup/startup_ch32l103.S.obj
 .debug_info    0x0000000000007ac8      0xdc6 CMakeFiles/L103pro.elf.dir/User/TJCScreen.c.obj
 .debug_info    0x000000000000888e      0x9f1 CMakeFiles/L103pro.elf.dir/User/ch32l103_it.c.obj
 .debug_info    0x000000000000927f     0x2252 CMakeFiles/L103pro.elf.dir/User/ina226.c.obj
 .debug_info    0x000000000000b4d1     0x169b CMakeFiles/L103pro.elf.dir/User/main.c.obj
 .debug_info    0x000000000000cb6c      0xc74 CMakeFiles/L103pro.elf.dir/User/system_ch32l103.c.obj
 .debug_info    0x000000000000d7e0     0x107d CMakeFiles/L103pro.elf.dir/User/uart.c.obj

.debug_abbrev   0x0000000000000000     0x269d
 .debug_abbrev  0x0000000000000000      0x317 CMakeFiles/L103pro.elf.dir/Debug/debug.c.obj
 .debug_abbrev  0x0000000000000317      0x2ad CMakeFiles/L103pro.elf.dir/Peripheral/src/ch32l103_dbgmcu.c.obj
 .debug_abbrev  0x00000000000005c4      0x35a CMakeFiles/L103pro.elf.dir/Peripheral/src/ch32l103_gpio.c.obj
 .debug_abbrev  0x000000000000091e      0x347 CMakeFiles/L103pro.elf.dir/Peripheral/src/ch32l103_i2c.c.obj
 .debug_abbrev  0x0000000000000c65      0x2e5 CMakeFiles/L103pro.elf.dir/Peripheral/src/ch32l103_misc.c.obj
 .debug_abbrev  0x0000000000000f4a      0x391 CMakeFiles/L103pro.elf.dir/Peripheral/src/ch32l103_rcc.c.obj
 .debug_abbrev  0x00000000000012db      0x336 CMakeFiles/L103pro.elf.dir/Peripheral/src/ch32l103_usart.c.obj
 .debug_abbrev  0x0000000000001611       0x12 CMakeFiles/L103pro.elf.dir/Startup/startup_ch32l103.S.obj
 .debug_abbrev  0x0000000000001623      0x2b2 CMakeFiles/L103pro.elf.dir/User/TJCScreen.c.obj
 .debug_abbrev  0x00000000000018d5      0x1f6 CMakeFiles/L103pro.elf.dir/User/ch32l103_it.c.obj
 .debug_abbrev  0x0000000000001acb      0x345 CMakeFiles/L103pro.elf.dir/User/ina226.c.obj
 .debug_abbrev  0x0000000000001e10      0x2f9 CMakeFiles/L103pro.elf.dir/User/main.c.obj
 .debug_abbrev  0x0000000000002109      0x2c0 CMakeFiles/L103pro.elf.dir/User/system_ch32l103.c.obj
 .debug_abbrev  0x00000000000023c9      0x2d4 CMakeFiles/L103pro.elf.dir/User/uart.c.obj

.debug_loc      0x0000000000000000     0x28a9
 .debug_loc     0x0000000000000000      0x1e0 CMakeFiles/L103pro.elf.dir/Debug/debug.c.obj
 .debug_loc     0x00000000000001e0       0xad CMakeFiles/L103pro.elf.dir/Peripheral/src/ch32l103_dbgmcu.c.obj
 .debug_loc     0x000000000000028d      0x876 CMakeFiles/L103pro.elf.dir/Peripheral/src/ch32l103_gpio.c.obj
 .debug_loc     0x0000000000000b03      0x645 CMakeFiles/L103pro.elf.dir/Peripheral/src/ch32l103_i2c.c.obj
 .debug_loc     0x0000000000001148       0x96 CMakeFiles/L103pro.elf.dir/Peripheral/src/ch32l103_misc.c.obj
 .debug_loc     0x00000000000011de      0x6f1 CMakeFiles/L103pro.elf.dir/Peripheral/src/ch32l103_rcc.c.obj
 .debug_loc     0x00000000000018cf      0x7b4 CMakeFiles/L103pro.elf.dir/Peripheral/src/ch32l103_usart.c.obj
 .debug_loc     0x0000000000002083      0x173 CMakeFiles/L103pro.elf.dir/User/TJCScreen.c.obj
 .debug_loc     0x00000000000021f6      0x408 CMakeFiles/L103pro.elf.dir/User/ina226.c.obj
 .debug_loc     0x00000000000025fe      0x136 CMakeFiles/L103pro.elf.dir/User/main.c.obj
 .debug_loc     0x0000000000002734       0xf9 CMakeFiles/L103pro.elf.dir/User/system_ch32l103.c.obj
 .debug_loc     0x000000000000282d       0x7c CMakeFiles/L103pro.elf.dir/User/uart.c.obj

.debug_aranges  0x0000000000000000      0x638
 .debug_aranges
                0x0000000000000000       0x50 CMakeFiles/L103pro.elf.dir/Debug/debug.c.obj
 .debug_aranges
                0x0000000000000050       0x48 CMakeFiles/L103pro.elf.dir/Peripheral/src/ch32l103_dbgmcu.c.obj
 .debug_aranges
                0x0000000000000098       0xa8 CMakeFiles/L103pro.elf.dir/Peripheral/src/ch32l103_gpio.c.obj
 .debug_aranges
                0x0000000000000140      0x120 CMakeFiles/L103pro.elf.dir/Peripheral/src/ch32l103_i2c.c.obj
 .debug_aranges
                0x0000000000000260       0x28 CMakeFiles/L103pro.elf.dir/Peripheral/src/ch32l103_misc.c.obj
 .debug_aranges
                0x0000000000000288      0x130 CMakeFiles/L103pro.elf.dir/Peripheral/src/ch32l103_rcc.c.obj
 .debug_aranges
                0x00000000000003b8      0x100 CMakeFiles/L103pro.elf.dir/Peripheral/src/ch32l103_usart.c.obj
 .debug_aranges
                0x00000000000004b8       0x30 CMakeFiles/L103pro.elf.dir/Startup/startup_ch32l103.S.obj
 .debug_aranges
                0x00000000000004e8       0x48 CMakeFiles/L103pro.elf.dir/User/TJCScreen.c.obj
 .debug_aranges
                0x0000000000000530       0x28 CMakeFiles/L103pro.elf.dir/User/ch32l103_it.c.obj
 .debug_aranges
                0x0000000000000558       0x58 CMakeFiles/L103pro.elf.dir/User/ina226.c.obj
 .debug_aranges
                0x00000000000005b0       0x28 CMakeFiles/L103pro.elf.dir/User/main.c.obj
 .debug_aranges
                0x00000000000005d8       0x38 CMakeFiles/L103pro.elf.dir/User/system_ch32l103.c.obj
 .debug_aranges
                0x0000000000000610       0x28 CMakeFiles/L103pro.elf.dir/User/uart.c.obj

.debug_ranges   0x0000000000000000      0x5b0
 .debug_ranges  0x0000000000000000       0x40 CMakeFiles/L103pro.elf.dir/Debug/debug.c.obj
 .debug_ranges  0x0000000000000040       0x38 CMakeFiles/L103pro.elf.dir/Peripheral/src/ch32l103_dbgmcu.c.obj
 .debug_ranges  0x0000000000000078       0x98 CMakeFiles/L103pro.elf.dir/Peripheral/src/ch32l103_gpio.c.obj
 .debug_ranges  0x0000000000000110      0x110 CMakeFiles/L103pro.elf.dir/Peripheral/src/ch32l103_i2c.c.obj
 .debug_ranges  0x0000000000000220       0x18 CMakeFiles/L103pro.elf.dir/Peripheral/src/ch32l103_misc.c.obj
 .debug_ranges  0x0000000000000238      0x120 CMakeFiles/L103pro.elf.dir/Peripheral/src/ch32l103_rcc.c.obj
 .debug_ranges  0x0000000000000358       0xf0 CMakeFiles/L103pro.elf.dir/Peripheral/src/ch32l103_usart.c.obj
 .debug_ranges  0x0000000000000448       0x28 CMakeFiles/L103pro.elf.dir/Startup/startup_ch32l103.S.obj
 .debug_ranges  0x0000000000000470       0x38 CMakeFiles/L103pro.elf.dir/User/TJCScreen.c.obj
 .debug_ranges  0x00000000000004a8       0x18 CMakeFiles/L103pro.elf.dir/User/ch32l103_it.c.obj
 .debug_ranges  0x00000000000004c0       0x48 CMakeFiles/L103pro.elf.dir/User/ina226.c.obj
 .debug_ranges  0x0000000000000508       0x68 CMakeFiles/L103pro.elf.dir/User/main.c.obj
 .debug_ranges  0x0000000000000570       0x28 CMakeFiles/L103pro.elf.dir/User/system_ch32l103.c.obj
 .debug_ranges  0x0000000000000598       0x18 CMakeFiles/L103pro.elf.dir/User/uart.c.obj

.debug_line     0x0000000000000000     0x88c9
 .debug_line    0x0000000000000000      0x743 CMakeFiles/L103pro.elf.dir/Debug/debug.c.obj
 .debug_line    0x0000000000000743      0x38a CMakeFiles/L103pro.elf.dir/Peripheral/src/ch32l103_dbgmcu.c.obj
 .debug_line    0x0000000000000acd     0x1333 CMakeFiles/L103pro.elf.dir/Peripheral/src/ch32l103_gpio.c.obj
 .debug_line    0x0000000000001e00     0x112f CMakeFiles/L103pro.elf.dir/Peripheral/src/ch32l103_i2c.c.obj
 .debug_line    0x0000000000002f2f      0x434 CMakeFiles/L103pro.elf.dir/Peripheral/src/ch32l103_misc.c.obj
 .debug_line    0x0000000000003363     0x125a CMakeFiles/L103pro.elf.dir/Peripheral/src/ch32l103_rcc.c.obj
 .debug_line    0x00000000000045bd      0xfca CMakeFiles/L103pro.elf.dir/Peripheral/src/ch32l103_usart.c.obj
 .debug_line    0x0000000000005587      0x12a CMakeFiles/L103pro.elf.dir/Startup/startup_ch32l103.S.obj
 .debug_line    0x00000000000056b1      0x3c8 CMakeFiles/L103pro.elf.dir/User/TJCScreen.c.obj
 .debug_line    0x0000000000005a79      0x265 CMakeFiles/L103pro.elf.dir/User/ch32l103_it.c.obj
 .debug_line    0x0000000000005cde     0x1260 CMakeFiles/L103pro.elf.dir/User/ina226.c.obj
 .debug_line    0x0000000000006f3e      0xe49 CMakeFiles/L103pro.elf.dir/User/main.c.obj
 .debug_line    0x0000000000007d87      0x66e CMakeFiles/L103pro.elf.dir/User/system_ch32l103.c.obj
 .debug_line    0x00000000000083f5      0x4d4 CMakeFiles/L103pro.elf.dir/User/uart.c.obj

.debug_str      0x0000000000000000     0x2033
 .debug_str     0x0000000000000000      0x90d CMakeFiles/L103pro.elf.dir/Debug/debug.c.obj
                                        0x9ae (size before relaxing)
 .debug_str     0x000000000000090d       0xb4 CMakeFiles/L103pro.elf.dir/Peripheral/src/ch32l103_dbgmcu.c.obj
                                        0x6f6 (size before relaxing)
 .debug_str     0x00000000000009c1      0x25d CMakeFiles/L103pro.elf.dir/Peripheral/src/ch32l103_gpio.c.obj
                                        0xa1a (size before relaxing)
 .debug_str     0x0000000000000c1e      0x477 CMakeFiles/L103pro.elf.dir/Peripheral/src/ch32l103_i2c.c.obj
                                        0xb7b (size before relaxing)
 .debug_str     0x0000000000001095      0x4bf CMakeFiles/L103pro.elf.dir/Peripheral/src/ch32l103_misc.c.obj
                                        0xb70 (size before relaxing)
 .debug_str     0x0000000000001554      0x3db CMakeFiles/L103pro.elf.dir/Peripheral/src/ch32l103_rcc.c.obj
                                        0xb57 (size before relaxing)
 .debug_str     0x000000000000192f      0x35c CMakeFiles/L103pro.elf.dir/Peripheral/src/ch32l103_usart.c.obj
                                        0xbb0 (size before relaxing)
 .debug_str     0x0000000000001c8b       0x36 CMakeFiles/L103pro.elf.dir/Startup/startup_ch32l103.S.obj
                                         0x6c (size before relaxing)
 .debug_str     0x0000000000001cc1       0xab CMakeFiles/L103pro.elf.dir/User/TJCScreen.c.obj
                                        0x760 (size before relaxing)
 .debug_str     0x0000000000001d6c       0x40 CMakeFiles/L103pro.elf.dir/User/ch32l103_it.c.obj
                                        0x666 (size before relaxing)
 .debug_str     0x0000000000001dac      0x11a CMakeFiles/L103pro.elf.dir/User/ina226.c.obj
                                        0xa9b (size before relaxing)
 .debug_str     0x0000000000001ec6       0xc4 CMakeFiles/L103pro.elf.dir/User/main.c.obj
                                        0x9ff (size before relaxing)
 .debug_str     0x0000000000001f8a       0x75 CMakeFiles/L103pro.elf.dir/User/system_ch32l103.c.obj
                                        0x787 (size before relaxing)
 .debug_str     0x0000000000001fff       0x34 CMakeFiles/L103pro.elf.dir/User/uart.c.obj
                                        0xd15 (size before relaxing)

.comment        0x0000000000000000       0x33
 .comment       0x0000000000000000       0x33 CMakeFiles/L103pro.elf.dir/Debug/debug.c.obj
                                         0x34 (size before relaxing)
 .comment       0x0000000000000033       0x34 CMakeFiles/L103pro.elf.dir/Peripheral/src/ch32l103_dbgmcu.c.obj
 .comment       0x0000000000000033       0x34 CMakeFiles/L103pro.elf.dir/Peripheral/src/ch32l103_gpio.c.obj
 .comment       0x0000000000000033       0x34 CMakeFiles/L103pro.elf.dir/Peripheral/src/ch32l103_i2c.c.obj
 .comment       0x0000000000000033       0x34 CMakeFiles/L103pro.elf.dir/Peripheral/src/ch32l103_misc.c.obj
 .comment       0x0000000000000033       0x34 CMakeFiles/L103pro.elf.dir/Peripheral/src/ch32l103_rcc.c.obj
 .comment       0x0000000000000033       0x34 CMakeFiles/L103pro.elf.dir/Peripheral/src/ch32l103_usart.c.obj
 .comment       0x0000000000000033       0x34 CMakeFiles/L103pro.elf.dir/User/TJCScreen.c.obj
 .comment       0x0000000000000033       0x34 CMakeFiles/L103pro.elf.dir/User/ch32l103_it.c.obj
 .comment       0x0000000000000033       0x34 CMakeFiles/L103pro.elf.dir/User/ina226.c.obj
 .comment       0x0000000000000033       0x34 CMakeFiles/L103pro.elf.dir/User/main.c.obj
 .comment       0x0000000000000033       0x34 CMakeFiles/L103pro.elf.dir/User/system_ch32l103.c.obj
 .comment       0x0000000000000033       0x34 CMakeFiles/L103pro.elf.dir/User/uart.c.obj

.debug_frame    0x0000000000000000     0x24a4
 .debug_frame   0x0000000000000000       0xc0 CMakeFiles/L103pro.elf.dir/Debug/debug.c.obj
 .debug_frame   0x00000000000000c0       0x80 CMakeFiles/L103pro.elf.dir/Peripheral/src/ch32l103_dbgmcu.c.obj
 .debug_frame   0x0000000000000140      0x164 CMakeFiles/L103pro.elf.dir/Peripheral/src/ch32l103_gpio.c.obj
 .debug_frame   0x00000000000002a4      0x25c CMakeFiles/L103pro.elf.dir/Peripheral/src/ch32l103_i2c.c.obj
 .debug_frame   0x0000000000000500       0x30 CMakeFiles/L103pro.elf.dir/Peripheral/src/ch32l103_misc.c.obj
 .debug_frame   0x0000000000000530      0x254 CMakeFiles/L103pro.elf.dir/Peripheral/src/ch32l103_rcc.c.obj
 .debug_frame   0x0000000000000784      0x204 CMakeFiles/L103pro.elf.dir/Peripheral/src/ch32l103_usart.c.obj
 .debug_frame   0x0000000000000988       0xc4 CMakeFiles/L103pro.elf.dir/User/TJCScreen.c.obj
 .debug_frame   0x0000000000000a4c       0x30 CMakeFiles/L103pro.elf.dir/User/ch32l103_it.c.obj
 .debug_frame   0x0000000000000a7c      0x150 CMakeFiles/L103pro.elf.dir/User/ina226.c.obj
 .debug_frame   0x0000000000000bcc       0x50 CMakeFiles/L103pro.elf.dir/User/main.c.obj
 .debug_frame   0x0000000000000c1c       0x68 CMakeFiles/L103pro.elf.dir/User/system_ch32l103.c.obj
 .debug_frame   0x0000000000000c84       0x5c CMakeFiles/L103pro.elf.dir/User/uart.c.obj
 .debug_frame   0x0000000000000ce0       0x54 e:/mounriver_studio/toolchain/risc-v embedded gcc/bin/../lib/gcc/riscv-none-embed/8.2.0/rv32imac/ilp32\libgcc.a(muldf3.o)
 .debug_frame   0x0000000000000d34       0x38 e:/mounriver_studio/toolchain/risc-v embedded gcc/bin/../lib/gcc/riscv-none-embed/8.2.0/rv32imac/ilp32\libgcc.a(floatsidf.o)
 .debug_frame   0x0000000000000d6c       0x20 e:/mounriver_studio/toolchain/risc-v embedded gcc/bin/../lib/gcc/riscv-none-embed/8.2.0/rv32imac/ilp32\libgcc.a(gesf2.o)
 .debug_frame   0x0000000000000d8c       0x50 e:/mounriver_studio/toolchain/risc-v embedded gcc/bin/../lib/gcc/riscv-none-embed/8.2.0/rv32imac/ilp32\libgcc.a(mulsf3.o)
 .debug_frame   0x0000000000000ddc       0x38 e:/mounriver_studio/toolchain/risc-v embedded gcc/bin/../lib/gcc/riscv-none-embed/8.2.0/rv32imac/ilp32\libgcc.a(extendsfdf2.o)
 .debug_frame   0x0000000000000e14       0x20 e:/mounriver_studio/toolchain/risc-v embedded gcc/bin/../lib/gcc/riscv-none-embed/8.2.0/rv32imac/ilp32\libgcc.a(truncdfsf2.o)
 .debug_frame   0x0000000000000e34       0x20 e:/mounriver_studio/toolchain/risc-v embedded gcc/bin/../lib/gcc/riscv-none-embed/8.2.0/rv32imac/ilp32\libgcc.a(_clzsi2.o)
 .debug_frame   0x0000000000000e54       0xbc e:/mounriver_studio/toolchain/risc-v embedded gcc/bin/../lib/gcc/riscv-none-embed/8.2.0/../../../../riscv-none-embed/lib/rv32imac/ilp32\libg_nano.a(lib_a-nano-vfprintf_float.o)
 .debug_frame   0x0000000000000f10       0x8c e:/mounriver_studio/toolchain/risc-v embedded gcc/bin/../lib/gcc/riscv-none-embed/8.2.0/../../../../riscv-none-embed/lib/rv32imac/ilp32\libg_nano.a(lib_a-nano-vfprintf_i.o)
 .debug_frame   0x0000000000000f9c       0x60 e:/mounriver_studio/toolchain/risc-v embedded gcc/bin/../lib/gcc/riscv-none-embed/8.2.0/../../../../riscv-none-embed/lib/rv32imac/ilp32\libg_nano.a(lib_a-nano-vfscanf_float.o)
 .debug_frame   0x0000000000000ffc       0x54 e:/mounriver_studio/toolchain/risc-v embedded gcc/bin/../lib/gcc/riscv-none-embed/8.2.0/../../../../riscv-none-embed/lib/rv32imac/ilp32\libg_nano.a(lib_a-printf.o)
 .debug_frame   0x0000000000001050       0x54 e:/mounriver_studio/toolchain/risc-v embedded gcc/bin/../lib/gcc/riscv-none-embed/8.2.0/../../../../riscv-none-embed/lib/rv32imac/ilp32\libg_nano.a(lib_a-puts.o)
 .debug_frame   0x00000000000010a4       0x20 e:/mounriver_studio/toolchain/risc-v embedded gcc/bin/../lib/gcc/riscv-none-embed/8.2.0/../../../../riscv-none-embed/lib/rv32imac/ilp32\libg_nano.a(lib_a-sf_nan.o)
 .debug_frame   0x00000000000010c4       0x48 e:/mounriver_studio/toolchain/risc-v embedded gcc/bin/../lib/gcc/riscv-none-embed/8.2.0/../../../../riscv-none-embed/lib/rv32imac/ilp32\libg_nano.a(lib_a-sprintf.o)
 .debug_frame   0x000000000000110c       0x20 e:/mounriver_studio/toolchain/risc-v embedded gcc/bin/../lib/gcc/riscv-none-embed/8.2.0/../../../../riscv-none-embed/lib/rv32imac/ilp32\libg_nano.a(lib_a-strlen.o)
 .debug_frame   0x000000000000112c      0x154 e:/mounriver_studio/toolchain/risc-v embedded gcc/bin/../lib/gcc/riscv-none-embed/8.2.0/../../../../riscv-none-embed/lib/rv32imac/ilp32\libg_nano.a(lib_a-strtod.o)
 .debug_frame   0x0000000000001280       0x70 e:/mounriver_studio/toolchain/risc-v embedded gcc/bin/../lib/gcc/riscv-none-embed/8.2.0/../../../../riscv-none-embed/lib/rv32imac/ilp32\libg_nano.a(lib_a-strtol.o)
 .debug_frame   0x00000000000012f0       0x50 e:/mounriver_studio/toolchain/risc-v embedded gcc/bin/../lib/gcc/riscv-none-embed/8.2.0/../../../../riscv-none-embed/lib/rv32imac/ilp32\libg_nano.a(lib_a-wbuf.o)
 .debug_frame   0x0000000000001340       0x3c e:/mounriver_studio/toolchain/risc-v embedded gcc/bin/../lib/gcc/riscv-none-embed/8.2.0/../../../../riscv-none-embed/lib/rv32imac/ilp32\libg_nano.a(lib_a-wsetup.o)
 .debug_frame   0x000000000000137c       0x98 e:/mounriver_studio/toolchain/risc-v embedded gcc/bin/../lib/gcc/riscv-none-embed/8.2.0/../../../../riscv-none-embed/lib/rv32imac/ilp32\libg_nano.a(lib_a-dtoa.o)
 .debug_frame   0x0000000000001414       0x7c e:/mounriver_studio/toolchain/risc-v embedded gcc/bin/../lib/gcc/riscv-none-embed/8.2.0/../../../../riscv-none-embed/lib/rv32imac/ilp32\libg_nano.a(lib_a-fflush.o)
 .debug_frame   0x0000000000001490      0x148 e:/mounriver_studio/toolchain/risc-v embedded gcc/bin/../lib/gcc/riscv-none-embed/8.2.0/../../../../riscv-none-embed/lib/rv32imac/ilp32\libg_nano.a(lib_a-findfp.o)
 .debug_frame   0x00000000000015d8       0x88 e:/mounriver_studio/toolchain/risc-v embedded gcc/bin/../lib/gcc/riscv-none-embed/8.2.0/../../../../riscv-none-embed/lib/rv32imac/ilp32\libg_nano.a(lib_a-fwalk.o)
 .debug_frame   0x0000000000001660       0x84 e:/mounriver_studio/toolchain/risc-v embedded gcc/bin/../lib/gcc/riscv-none-embed/8.2.0/../../../../riscv-none-embed/lib/rv32imac/ilp32\libg_nano.a(lib_a-gdtoa-gethex.o)
 .debug_frame   0x00000000000016e4       0x80 e:/mounriver_studio/toolchain/risc-v embedded gcc/bin/../lib/gcc/riscv-none-embed/8.2.0/../../../../riscv-none-embed/lib/rv32imac/ilp32\libg_nano.a(lib_a-gdtoa-hexnan.o)
 .debug_frame   0x0000000000001764       0x78 e:/mounriver_studio/toolchain/risc-v embedded gcc/bin/../lib/gcc/riscv-none-embed/8.2.0/../../../../riscv-none-embed/lib/rv32imac/ilp32\libg_nano.a(lib_a-locale.o)
 .debug_frame   0x00000000000017dc       0x40 e:/mounriver_studio/toolchain/risc-v embedded gcc/bin/../lib/gcc/riscv-none-embed/8.2.0/../../../../riscv-none-embed/lib/rv32imac/ilp32\libg_nano.a(lib_a-localeconv.o)
 .debug_frame   0x000000000000181c       0x64 e:/mounriver_studio/toolchain/risc-v embedded gcc/bin/../lib/gcc/riscv-none-embed/8.2.0/../../../../riscv-none-embed/lib/rv32imac/ilp32\libg_nano.a(lib_a-makebuf.o)
 .debug_frame   0x0000000000001880       0x30 e:/mounriver_studio/toolchain/risc-v embedded gcc/bin/../lib/gcc/riscv-none-embed/8.2.0/../../../../riscv-none-embed/lib/rv32imac/ilp32\libg_nano.a(lib_a-malloc.o)
 .debug_frame   0x00000000000018b0       0x38 e:/mounriver_studio/toolchain/risc-v embedded gcc/bin/../lib/gcc/riscv-none-embed/8.2.0/../../../../riscv-none-embed/lib/rv32imac/ilp32\libg_nano.a(lib_a-mbtowc_r.o)
 .debug_frame   0x00000000000018e8       0x20 e:/mounriver_studio/toolchain/risc-v embedded gcc/bin/../lib/gcc/riscv-none-embed/8.2.0/../../../../riscv-none-embed/lib/rv32imac/ilp32\libg_nano.a(lib_a-memchr.o)
 .debug_frame   0x0000000000001908       0x20 e:/mounriver_studio/toolchain/risc-v embedded gcc/bin/../lib/gcc/riscv-none-embed/8.2.0/../../../../riscv-none-embed/lib/rv32imac/ilp32\libg_nano.a(lib_a-memcpy.o)
 .debug_frame   0x0000000000001928      0x2e0 e:/mounriver_studio/toolchain/risc-v embedded gcc/bin/../lib/gcc/riscv-none-embed/8.2.0/../../../../riscv-none-embed/lib/rv32imac/ilp32\libg_nano.a(lib_a-mprec.o)
 .debug_frame   0x0000000000001c08       0x30 e:/mounriver_studio/toolchain/risc-v embedded gcc/bin/../lib/gcc/riscv-none-embed/8.2.0/../../../../riscv-none-embed/lib/rv32imac/ilp32\libg_nano.a(lib_a-nano-callocr.o)
 .debug_frame   0x0000000000001c38       0x40 e:/mounriver_studio/toolchain/risc-v embedded gcc/bin/../lib/gcc/riscv-none-embed/8.2.0/../../../../riscv-none-embed/lib/rv32imac/ilp32\libg_nano.a(lib_a-nano-freer.o)
 .debug_frame   0x0000000000001c78       0x40 e:/mounriver_studio/toolchain/risc-v embedded gcc/bin/../lib/gcc/riscv-none-embed/8.2.0/../../../../riscv-none-embed/lib/rv32imac/ilp32\libg_nano.a(lib_a-nano-mallocr.o)
 .debug_frame   0x0000000000001cb8       0xe0 e:/mounriver_studio/toolchain/risc-v embedded gcc/bin/../lib/gcc/riscv-none-embed/8.2.0/../../../../riscv-none-embed/lib/rv32imac/ilp32\libg_nano.a(lib_a-nano-svfprintf.o)
 .debug_frame   0x0000000000001d98       0xd0 e:/mounriver_studio/toolchain/risc-v embedded gcc/bin/../lib/gcc/riscv-none-embed/8.2.0/../../../../riscv-none-embed/lib/rv32imac/ilp32\libg_nano.a(lib_a-nano-vfprintf.o)
 .debug_frame   0x0000000000001e68       0x30 e:/mounriver_studio/toolchain/risc-v embedded gcc/bin/../lib/gcc/riscv-none-embed/8.2.0/../../../../riscv-none-embed/lib/rv32imac/ilp32\libg_nano.a(lib_a-sbrkr.o)
 .debug_frame   0x0000000000001e98       0xa4 e:/mounriver_studio/toolchain/risc-v embedded gcc/bin/../lib/gcc/riscv-none-embed/8.2.0/../../../../riscv-none-embed/lib/rv32imac/ilp32\libg_nano.a(lib_a-stdio.o)
 .debug_frame   0x0000000000001f3c       0x20 e:/mounriver_studio/toolchain/risc-v embedded gcc/bin/../lib/gcc/riscv-none-embed/8.2.0/../../../../riscv-none-embed/lib/rv32imac/ilp32\libg_nano.a(lib_a-strncmp.o)
 .debug_frame   0x0000000000001f5c       0x30 e:/mounriver_studio/toolchain/risc-v embedded gcc/bin/../lib/gcc/riscv-none-embed/8.2.0/../../../../riscv-none-embed/lib/rv32imac/ilp32\libg_nano.a(lib_a-wctomb_r.o)
 .debug_frame   0x0000000000001f8c       0x30 e:/mounriver_studio/toolchain/risc-v embedded gcc/bin/../lib/gcc/riscv-none-embed/8.2.0/../../../../riscv-none-embed/lib/rv32imac/ilp32\libg_nano.a(lib_a-writer.o)
 .debug_frame   0x0000000000001fbc       0x30 e:/mounriver_studio/toolchain/risc-v embedded gcc/bin/../lib/gcc/riscv-none-embed/8.2.0/../../../../riscv-none-embed/lib/rv32imac/ilp32\libg_nano.a(lib_a-closer.o)
 .debug_frame   0x0000000000001fec       0x30 e:/mounriver_studio/toolchain/risc-v embedded gcc/bin/../lib/gcc/riscv-none-embed/8.2.0/../../../../riscv-none-embed/lib/rv32imac/ilp32\libg_nano.a(lib_a-fstatr.o)
 .debug_frame   0x000000000000201c       0x30 e:/mounriver_studio/toolchain/risc-v embedded gcc/bin/../lib/gcc/riscv-none-embed/8.2.0/../../../../riscv-none-embed/lib/rv32imac/ilp32\libg_nano.a(lib_a-isattyr.o)
 .debug_frame   0x000000000000204c       0x30 e:/mounriver_studio/toolchain/risc-v embedded gcc/bin/../lib/gcc/riscv-none-embed/8.2.0/../../../../riscv-none-embed/lib/rv32imac/ilp32\libg_nano.a(lib_a-lseekr.o)
 .debug_frame   0x000000000000207c       0x20 e:/mounriver_studio/toolchain/risc-v embedded gcc/bin/../lib/gcc/riscv-none-embed/8.2.0/../../../../riscv-none-embed/lib/rv32imac/ilp32\libg_nano.a(lib_a-memmove.o)